<html>
<body>
<pre>
<h1>礦ision Build Log</h1>
<h2>Tool Versions:</h2>
IDE-Version: μVision V5.15
Copyright (C) 2015 ARM Ltd and ARM Germany GmbH. All rights reserved.
License Information: perry Huang, dgut, LIC=21EY8-38JZK-TFNI4-FVN57-2EWBR-KBHXJ
 
Tool Versions:
Toolchain:       MDK-ARM Standard  Version: 5.15.0
Toolchain Path:  D:\Program Files\keil5\ARM\ARMCC\Bin
C Compiler:      Armcc.exe V5.05 update 2 (build 169)
Assembler:       Armasm.exe V5.05 update 2 (build 169)
Linker/Locator:  ArmLink.exe V5.05 update 2 (build 169)
Library Manager: ArmAr.exe V5.05 update 2 (build 169)
Hex Converter:   FromElf.exe V5.05 update 2 (build 169)
CPU DLL:         SARMCM3.DLL V5.15.0
Dialog DLL:      DCM.DLL V1.13.2.0
Target DLL:      STLink\ST-LINKIII-KEIL_SWO.dll V2.0.15.0_KEIL
Dialog DLL:      TCM.DLL V1.14.5.0
 
<h2>Project:</h2>
E:\Android资料\体检数据显示项目\工程\血压心率测温+蓝牙调好，程序（修改版2)\USER\LCD.uvprojx
Project File Date:  05/20/2018

<h2>Output:</h2>
*** Using Compiler 'V5.05 update 2 (build 169)', folder: 'D:\Program Files\keil5\ARM\ARMCC\Bin'
Build target 'LCD'
compiling main.c...
main.c(104): warning:  #167-D: argument of type "u8 *" is incompatible with parameter of type "const char *restrict"
                                                sprintf((char*)p,USART6_RX_BUF);//??????
main.c(111): warning:  #167-D: argument of type "u8 *" is incompatible with parameter of type "const char *restrict"
                                                sprintf((char*)p,USART2_RX_BUF);//??????
main.c(38): warning:  #177-D: variable "t" was declared but never referenced
                u16 t=999;              //???俚?一?位?取链??状态
main.c(39): warning:  #177-D: variable "constate" was declared but never referenced
                u8 constate=0;  //连??状态
main.c(40): warning:  #177-D: variable "is_wifi" was declared but never referenced
                u8 is_wifi=0;
main.c(41): warning:  #177-D: variable "blood_tag" was declared but never referenced
                u8 blood_tag=0;
main.c(46): warning:  #550-D: variable "wifi_len" was set but never used
                u8 wifi_len=0;
main.c(47): warning:  #177-D: variable "sendLen" was declared but never referenced
                u8 *sendLen;
main.c(48): warning:  #177-D: variable "reclen" was declared but never referenced
                u8 reclen=0;  
main.c: 9 warnings, 0 errors
compiling stm32f4xx_it.c...
compiling system_stm32f4xx.c...
compiling led.c...
compiling lcd.c...
compiling usart3.c...
compiling timer.c...
compiling key.c...
compiling usart2.c...
compiling hc05.c...
compiling usart6.c...
compiling delay.c...
compiling sys.c...
compiling usart.c...
assembling startup_stm32f40_41xxx.s...
compiling misc.c...
compiling stm32f4xx_gpio.c...
compiling stm32f4xx_fsmc.c...
compiling stm32f4xx_rcc.c...
compiling stm32f4xx_syscfg.c...
compiling stm32f4xx_usart.c...
compiling stm32f4xx_tim.c...
compiling wifiap.c...
..\ATK-ESP8266\wifiap.c(13): warning:  #550-D: variable "timex" was set but never used
        u8 timex=0; 
..\ATK-ESP8266\wifiap.c(14): warning:  #177-D: variable "ipbuf" was declared but never referenced
        u8 ipbuf[16];   //IP缓??
..\ATK-ESP8266\wifiap.c: 2 warnings, 0 errors
compiling common.c...
..\ATK-ESP8266\common.c(168): warning:  #177-D: variable "p" was declared but never referenced
                u8* p;
..\ATK-ESP8266\common.c(169): warning:  #177-D: variable "key" was declared but never referenced
                u8 key;
..\ATK-ESP8266\common.c: 2 warnings, 0 errors
linking...
Program Size: Code=40590 RO-data=7210 RW-data=120 ZI-data=4248  
FromELF: creating hex file...
"..\OBJ\LCD.axf" - 0 Error(s), 13 Warning(s).

<h2>Collection of Component include folders:</h2>
  E:\Android资料\体检数据显示项目\工程\血压心率测温+蓝牙调好，程序（修改版2)\USER\RTE
  D:\Program Files\keil5\ARM\PACK\Keil\STM32F4xx_DFP\1.0.8\Device\Include

<h2>Collection of Component Files used:</h2>
</pre>
</body>
</html>
