Component: ARM Compiler 5.05 update 2 (build 169) Tool: armlink [4d0f33]

==============================================================================

Section Cross References

    main.o(.text) refers to _printf_percent.o(.ARM.Collect$$_printf_percent$$00000000) for _printf_percent
    main.o(.text) refers to _printf_d.o(.ARM.Collect$$_printf_percent$$00000009) for _printf_d
    main.o(.text) refers to _printf_dec.o(.text) for _printf_int_dec
    main.o(.text) refers to _printf_s.o(.ARM.Collect$$_printf_percent$$00000014) for _printf_s
    main.o(.text) refers to _printf_str.o(.text) for _printf_str
    main.o(.text) refers to hc05.o(.text) for HC05_Get_Role
    main.o(.text) refers to lcd.o(.text) for LCD_ShowString
    main.o(.text) refers to rt_memclr_w.o(.text) for __aeabi_memclr4
    main.o(.text) refers to misc.o(.text) for NVIC_PriorityGroupConfig
    main.o(.text) refers to delay.o(.text) for delay_init
    main.o(.text) refers to usart.o(.text) for uart_init
    main.o(.text) refers to key.o(.text) for KEY_Init
    main.o(.text) refers to led.o(.text) for LED_Init
    main.o(.text) refers to usart2.o(.text) for usart2_init
    main.o(.text) refers to usart6.o(.text) for usart6_init
    main.o(.text) refers to usart3.o(.text) for usart3_init
    main.o(.text) refers to common.o(.text) for atk_8266_test
    main.o(.text) refers to __2printf.o(.text) for __2printf
    main.o(.text) refers to c89sprintf.o(.text) for __c89sprintf
    main.o(.text) refers to lcd.o(.data) for POINT_COLOR
    main.o(.text) refers to usart3.o(.data) for USART3_RX_STA
    main.o(.text) refers to usart2.o(.bss) for USART2_RX_BUF
    main.o(.text) refers to usart6.o(.bss) for USART6_RX_BUF
    main.o(.text) refers to usart2.o(.data) for USART2_RX_STA
    main.o(.text) refers to usart6.o(.data) for USART6_RX_STA
    main.o(.text) refers to usart3.o(.bss) for USART3_RX_BUF
    system_stm32f4xx.o(.text) refers to system_stm32f4xx.o(.data) for SystemCoreClock
    led.o(.text) refers to stm32f4xx_rcc.o(.text) for RCC_AHB1PeriphClockCmd
    led.o(.text) refers to stm32f4xx_gpio.o(.text) for GPIO_Init
    lcd.o(.text) refers to _printf_percent.o(.ARM.Collect$$_printf_percent$$00000000) for _printf_percent
    lcd.o(.text) refers to _printf_x.o(.ARM.Collect$$_printf_percent$$0000000C) for _printf_x
    lcd.o(.text) refers to _printf_hex_int_ll_ptr.o(.text) for _printf_longlong_hex
    lcd.o(.text) refers to delay.o(.text) for delay_us
    lcd.o(.text) refers to lcd.o(.bss) for lcddev
    lcd.o(.text) refers to lcd.o(.data) for POINT_COLOR
    lcd.o(.text) refers to dflt_clz.o(x$fpl$dfltu) for __aeabi_ui2d
    lcd.o(.text) refers to dmul.o(x$fpl$dmul) for __aeabi_dmul
    lcd.o(.text) refers to dfixu.o(x$fpl$dfixu) for __aeabi_d2uiz
    lcd.o(.text) refers to stm32f4xx_rcc.o(.text) for RCC_AHB1PeriphClockCmd
    lcd.o(.text) refers to stm32f4xx_gpio.o(.text) for GPIO_Init
    lcd.o(.text) refers to stm32f4xx_fsmc.o(.text) for FSMC_NORSRAMInit
    lcd.o(.text) refers to __2printf.o(.text) for __2printf
    lcd.o(.text) refers to lcd.o(.constdata) for asc2_1206
    usart3.o(.text) refers to stm32f4xx_usart.o(.text) for USART_GetITStatus
    usart3.o(.text) refers to stm32f4xx_tim.o(.text) for TIM_SetCounter
    usart3.o(.text) refers to stm32f4xx_rcc.o(.text) for RCC_AHB1PeriphClockCmd
    usart3.o(.text) refers to stm32f4xx_gpio.o(.text) for GPIO_Init
    usart3.o(.text) refers to misc.o(.text) for NVIC_Init
    usart3.o(.text) refers to timer.o(.text) for TIM5_Int_Init
    usart3.o(.text) refers to c89vsprintf.o(.text) for __c89vsprintf
    usart3.o(.text) refers to strlen.o(.text) for strlen
    usart3.o(.text) refers to usart3.o(.data) for USART3_RX_STA
    usart3.o(.text) refers to usart3.o(.bss) for USART3_RX_BUF
    timer.o(.text) refers to stm32f4xx_tim.o(.text) for TIM_GetITStatus
    timer.o(.text) refers to stm32f4xx_rcc.o(.text) for RCC_APB1PeriphClockCmd
    timer.o(.text) refers to misc.o(.text) for NVIC_Init
    timer.o(.text) refers to usart2.o(.data) for USART2_RX_STA
    timer.o(.text) refers to usart3.o(.data) for USART3_RX_STA
    timer.o(.text) refers to usart6.o(.data) for USART6_RX_STA
    key.o(.text) refers to stm32f4xx_rcc.o(.text) for RCC_AHB1PeriphClockCmd
    key.o(.text) refers to stm32f4xx_gpio.o(.text) for GPIO_Init
    key.o(.text) refers to delay.o(.text) for delay_ms
    key.o(.text) refers to key.o(.data) for key_up
    usart2.o(.text) refers to stm32f4xx_usart.o(.text) for USART_GetITStatus
    usart2.o(.text) refers to stm32f4xx_tim.o(.text) for TIM_SetCounter
    usart2.o(.text) refers to stm32f4xx_rcc.o(.text) for RCC_AHB1PeriphClockCmd
    usart2.o(.text) refers to stm32f4xx_gpio.o(.text) for GPIO_Init
    usart2.o(.text) refers to misc.o(.text) for NVIC_Init
    usart2.o(.text) refers to timer.o(.text) for TIM7_Int_Init
    usart2.o(.text) refers to c89vsprintf.o(.text) for __c89vsprintf
    usart2.o(.text) refers to strlen.o(.text) for strlen
[...]
    .constdata                               0x0800b81c   Section       17  __printf_flags_ss_wp.o(.constdata)
    maptable                                 0x0800b81c   Data          17  __printf_flags_ss_wp.o(.constdata)
    .constdata                               0x0800b830   Section        8  _printf_wctomb.o(.constdata)
    initial_mbstate                          0x0800b830   Data           8  _printf_wctomb.o(.constdata)
    .constdata                               0x0800b838   Section      148  bigflt0.o(.constdata)
    tenpwrs_x                                0x0800b838   Data          60  bigflt0.o(.constdata)
    tenpwrs_i                                0x0800b874   Data          64  bigflt0.o(.constdata)
    .conststring                             0x0800b8cc   Section      158  common.o(.conststring)
    locale$$data                             0x0800b98c   Section       28  lc_numeric_c.o(locale$$data)
    __lcnum_c_name                           0x0800b990   Data           2  lc_numeric_c.o(locale$$data)
    __lcnum_c_start                          0x0800b998   Data           0  lc_numeric_c.o(locale$$data)
    __lcnum_c_point                          0x0800b9a4   Data           0  lc_numeric_c.o(locale$$data)
    __lcnum_c_thousands                      0x0800b9a6   Data           0  lc_numeric_c.o(locale$$data)
    __lcnum_c_grouping                       0x0800b9a7   Data           0  lc_numeric_c.o(locale$$data)
    locale$$data                             0x0800b9a8   Section      272  lc_ctype_c.o(locale$$data)
    __lcnum_c_end                            0x0800b9a8   Data           0  lc_numeric_c.o(locale$$data)
    __lcctype_c_name                         0x0800b9ac   Data           2  lc_ctype_c.o(locale$$data)
    __lcctype_c_start                        0x0800b9b4   Data           0  lc_ctype_c.o(locale$$data)
    __lcctype_c_end                          0x0800bab8   Data           0  lc_ctype_c.o(locale$$data)
    .data                                    0x20000000   Section       20  system_stm32f4xx.o(.data)
    .data                                    0x20000014   Section        4  lcd.o(.data)
    .data                                    0x20000018   Section        2  usart3.o(.data)
    .data                                    0x2000001a   Section        1  key.o(.data)
    key_up                                   0x2000001a   Data           1  key.o(.data)
    .data                                    0x2000001c   Section        2  usart2.o(.data)
    .data                                    0x2000001e   Section        2  usart6.o(.data)
    .data                                    0x20000020   Section        4  delay.o(.data)
    fac_us                                   0x20000020   Data           1  delay.o(.data)
    fac_ms                                   0x20000022   Data           2  delay.o(.data)
    .data                                    0x20000024   Section        6  usart.o(.data)
    .data                                    0x2000002a   Section       16  stm32f4xx_rcc.o(.data)
    APBAHBPrescTable                         0x2000002a   Data          16  stm32f4xx_rcc.o(.data)
    .data                                    0x2000003c   Section       60  common.o(.data)
    .bss                                     0x20000078   Section       14  lcd.o(.bss)
    .bss                                     0x20000088   Section      800  usart3.o(.bss)
    .bss                                     0x200003a8   Section      800  usart2.o(.bss)
    .bss                                     0x200006c8   Section      800  usart6.o(.bss)
    .bss                                     0x200009e8   Section      200  usart.o(.bss)
    .bss                                     0x20000ab0   Section       96  libspace.o(.bss)
    HEAP                                     0x20000b10   Section      512  startup_stm32f40_41xxx.o(HEAP)
    Heap_Mem                                 0x20000b10   Data         512  startup_stm32f40_41xxx.o(HEAP)
    STACK                                    0x20000d10   Section     1024  startup_stm32f40_41xxx.o(STACK)
    Stack_Mem                                0x20000d10   Data        1024  startup_stm32f40_41xxx.o(STACK)
    __initial_sp                             0x20001110   Data           0  startup_stm32f40_41xxx.o(STACK)

    Global Symbols

    Symbol Name                              Value     Ov Type        Size  Object(Section)

    BuildAttributes$$THM_ISAv4$E$P$D$K$B$S$7EM$VFPi3$EXTD16$VFPS$VFMA$PE$A:L22UL41UL21$X:L11$S22US41US21$IEEE1$IW$USESV6$~STKCKD$USESV7$~SHL$OTIME$ROPI$IEEEJ$EBA8$UX$STANDARDLIB$REQ8$PRES8$EABIv2 0x00000000   Number         0  anon$$obj.o ABSOLUTE
    __ARM_use_no_argv                        0x00000000   Number         0  main.o ABSOLUTE
    _printf_flags                            0x00000000   Number         0  printf_stubs.o ABSOLUTE
    _printf_return_value                     0x00000000   Number         0  printf_stubs.o ABSOLUTE
    _printf_sizespec                         0x00000000   Number         0  printf_stubs.o ABSOLUTE
    _printf_widthprec                        0x00000000   Number         0  printf_stubs.o ABSOLUTE
    __ARM_exceptions_init                     - Undefined Weak Reference
    __alloca_initialize                       - Undefined Weak Reference
    __arm_preinit_                            - Undefined Weak Reference
    __cpp_initialize__aeabi_                  - Undefined Weak Reference
    __cxa_finalize                            - Undefined Weak Reference
    __sigvec_lookup                           - Undefined Weak Reference
    _atexit_init                              - Undefined Weak Reference
    _call_atexit_fns                          - Undefined Weak Reference
    _clock_init                               - Undefined Weak Reference
    _fp_trap_init                             - Undefined Weak Reference
    _fp_trap_shutdown                         - Undefined Weak Reference
    _get_lc_collate                           - Undefined Weak Reference
    _get_lc_monetary                          - Undefined Weak Reference
    _get_lc_time                              - Undefined Weak Reference
    _getenv_init                              - Undefined Weak Reference
    _handle_redirection                       - Undefined Weak Reference
    _init_alloc                               - Undefined Weak Reference
    _init_user_alloc                          - Undefined Weak Reference
    _initio                                   - Undefined Weak Reference
    _mutex_acquire                            - Undefined Weak Reference
    _mutex_release                            - Undefined Weak Reference
    _printf_fp_hex                            - Undefined Weak Reference
    _printf_mbtowc                            - Undefined Weak Reference
    _printf_wc                                - Undefined Weak Reference
    _rand_init                                - Undefined Weak Reference
    _signal_finish                            - Undefined Weak Reference
    _signal_init                              - Undefined Weak Reference
    _terminate_alloc                          - Undefined Weak Reference
    _terminate_user_alloc                     - Undefined Weak Reference
    _terminateio                              - Undefined Weak Reference
    __Vectors_Size                           0x00000188   Number         0  startup_stm32f40_41xxx.o ABSOLUTE
    __Vectors                                0x08000000   Data           4  startup_stm32f40_41xxx.o(RESET)
    __Vectors_End                            0x08000188   Data           0  startup_stm32f40_41xxx.o(RESET)
    __main                                   0x08000189   Thumb Code     8  __main.o(!!!main)
    __scatterload                            0x08000191   Thumb Code     0  __scatter.o(!!!scatter)
    __scatterload_rt2                        0x08000191   Thumb Code    44  __scatter.o(!!!scatter)
    __scatterload_rt2_thumb_only             0x08000191   Thumb Code     0  __scatter.o(!!!scatter)
    __scatterload_null                       0x0800019f   Thumb Code     0  __scatter.o(!!!scatter)
    __scatterload_copy                       0x080001c5   Thumb Code    26  __scatter_copy.o(!!handler_copy)
    __scatterload_zeroinit                   0x080001e1   Thumb Code    28  __scatter_zi.o(!!handler_zi)
    _printf_n                                0x080001fd   Thumb Code     0  _printf_n.o(.ARM.Collect$$_printf_percent$$00000001)
    _printf_percent                          0x080001fd   Thumb Code     0  _printf_percent.o(.ARM.Collect$$_printf_percent$$00000000)
    _printf_p                                0x08000203   Thumb Code     0  _printf_p.o(.ARM.Collect$$_printf_percent$$00000002)
    _printf_f                                0x08000209   Thumb Code     0  _printf_f.o(.ARM.Collect$$_printf_percent$$00000003)
    _printf_e                                0x0800020f   Thumb Code     0  _printf_e.o(.ARM.Collect$$_printf_percent$$00000004)
    _printf_g                                0x08000215   Thumb Code     0  _printf_g.o(.ARM.Collect$$_printf_percent$$00000005)
    _printf_a                                0x0800021b   Thumb Code     0  _printf_a.o(.ARM.Collect$$_printf_percent$$00000006)
    _printf_ll                               0x08000221   Thumb Code     0  _printf_ll.o(.ARM.Collect$$_printf_percent$$00000007)
    _printf_i                                0x0800022b   Thumb Code     0  _printf_i.o(.ARM.Collect$$_printf_percent$$00000008)
    _printf_d                                0x08000231   Thumb Code     0  _printf_d.o(.ARM.Collect$$_printf_percent$$00000009)
    _printf_u                                0x08000237   Thumb Code     0  _printf_u.o(.ARM.Collect$$_printf_percent$$0000000A)
    _printf_o                                0x0800023d   Thumb Code     0  _printf_o.o(.ARM.Collect$$_printf_percent$$0000000B)
    _printf_x                                0x08000243   Thumb Code     0  _printf_x.o(.ARM.Collect$$_printf_percent$$0000000C)
    _printf_lli                              0x08000249   Thumb Code     0  _printf_lli.o(.ARM.Collect$$_printf_percent$$0000000D)
    _printf_lld                              0x0800024f   Thumb Code     0  _printf_lld.o(.ARM.Collect$$_printf_percent$$0000000E)
    _printf_llu                              0x08000255   Thumb Code     0  _printf_llu.o(.ARM.Collect$$_printf_percent$$0000000F)
    _printf_llo                              0x0800025b   Thumb Code     0  _printf_llo.o(.ARM.Collect$$_printf_percent$$00000010)
    _printf_llx                              0x08000261   Thumb Code     0  _printf_llx.o(.ARM.Collect$$_printf_percent$$00000011)
    _printf_l                                0x08000267   Thumb Code     0  _printf_l.o(.ARM.Collect$$_printf_percent$$00000012)
    _printf_c                                0x08000271   Thumb Code     0  _printf_c.o(.ARM.Collect$$_printf_percent$$00000013)
    _printf_s                                0x08000277   Thumb Code     0  _printf_s.o(.ARM.Collect$$_printf_percent$$00000014)
    _printf_lc                               0x0800027d   Thumb Code     0  _printf_lc.o(.ARM.Collect$$_printf_percent$$00000015)
    _printf_ls                               0x08000283   Thumb Code     0  _printf_ls.o(.ARM.Collect$$_printf_percent$$00000016)
    _printf_percent_end                      0x08000289   Thumb Code     0  _printf_percent_end.o(.ARM.Collect$$_printf_percent$$00000017)
    __rt_lib_init                            0x0800028d   Thumb Code     0  libinit.o(.ARM.Collect$$libinit$$00000000)
    __rt_lib_init_fp_1                       0x0800028f   Thumb Code     0  libinit2.o(.ARM.Collect$$libinit$$00000001)
    __rt_lib_init_heap_1                     0x08000293   Thumb Code     0  libinit2.o(.ARM.Collect$$libinit$$0000000A)
    __rt_lib_init_lc_common                  0x08000293   Thumb Code     0  libinit2.o(.ARM.Collect$$libinit$$0000000F)
    __rt_lib_init_preinit_1                  0x08000293   Thumb Code     0  libinit2.o(.ARM.Collect$$libinit$$00000004)
    __rt_lib_init_rand_1                     0x08000293   Thumb Code     0  libinit2.o(.ARM.Collect$$libinit$$0000000E)
    __rt_lib_init_user_alloc_1               0x08000293   Thumb Code     0  libinit2.o(.ARM.Collect$$libinit$$0000000C)
    __rt_lib_init_lc_collate_1               0x08000299   Thumb Code     0  libinit2.o(.ARM.Collect$$libinit$$00000011)
    __rt_lib_init_lc_ctype_2                 0x08000299   Thumb Code     0  libinit2.o(.ARM.Collect$$libinit$$00000012)
    __rt_lib_init_lc_ctype_1                 0x080002a5   Thumb Code     0  libinit2.o(.ARM.Collect$$libinit$$00000013)
    __rt_lib_init_lc_monetary_1              0x080002a5   Thumb Code     0  libinit2.o(.ARM.Collect$$libinit$$00000015)
    __rt_lib_init_lc_numeric_2               0x080002a5   Thumb Code     0  libinit2.o(.ARM.Collect$$libinit$$00000016)
    __rt_lib_init_alloca_1                   0x080002af   Thumb Code     0  libinit2.o(.ARM.Collect$$libinit$$0000002E)
    __rt_lib_init_argv_1                     0x080002af   Thumb Code     0  libinit2.o(.ARM.Collect$$libinit$$0000002C)
    __rt_lib_init_atexit_1                   0x080002af   Thumb Code     0  libinit2.o(.ARM.Collect$$libinit$$0000001B)
    __rt_lib_init_clock_1                    0x080002af   Thumb Code     0  libinit2.o(.ARM.Collect$$libinit$$00000021)
    __rt_lib_init_cpp_1                      0x080002af   Thumb Code     0  libinit2.o(.ARM.Collect$$libinit$$00000032)
    __rt_lib_init_exceptions_1               0x080002af   Thumb Code     0  libinit2.o(.ARM.Collect$$libinit$$00000030)
    __rt_lib_init_fp_trap_1                  0x080002af   Thumb Code     0  libinit2.o(.ARM.Collect$$libinit$$0000001F)
    __rt_lib_init_getenv_1                   0x080002af   Thumb Code     0  libinit2.o(.ARM.Collect$$libinit$$00000023)
    __rt_lib_init_lc_numeric_1               0x080002af   Thumb Code     0  libinit2.o(.ARM.Collect$$libinit$$00000017)
    __rt_lib_init_lc_time_1                  0x080002af   Thumb Code     0  libinit2.o(.ARM.Collect$$libinit$$00000019)
    __rt_lib_init_return                     0x080002af   Thumb Code     0  libinit2.o(.ARM.Collect$$libinit$$00000033)
    __rt_lib_init_signal_1                   0x080002af   Thumb Code     0  libinit2.o(.ARM.Collect$$libinit$$0000001D)
    __rt_lib_init_stdio_1                    0x080002af   Thumb Code     0  libinit2.o(.ARM.Collect$$libinit$$00000025)
    __rt_lib_shutdown                        0x080002b1   Thumb Code     0  libshutdown.o(.ARM.Collect$$libshutdown$$00000000)
    __rt_lib_shutdown_fp_trap_1              0x080002b3   Thumb Code     0  libshutdown2.o(.ARM.Collect$$libshutdown$$00000006)
    __rt_lib_shutdown_heap_1                 0x080002b3   Thumb Code     0  libshutdown2.o(.ARM.Collect$$libshutdown$$0000000E)
    __rt_lib_shutdown_return                 0x080002b3   Thumb Code     0  libshutdown2.o(.ARM.Collect$$libshutdown$$0000000F)
    __rt_lib_shutdown_signal_1               0x080002b3   Thumb Code     0  libshutdown2.o(.ARM.Collect$$libshutdown$$00000009)
    __rt_lib_shutdown_stdio_1                0x080002b3   Thumb Code     0  libshutdown2.o(.ARM.Collect$$libshutdown$$00000003)
    __rt_lib_shutdown_user_alloc_1           0x080002b3   Thumb Code     0  libshutdown2.o(.ARM.Collect$$libshutdown$$0000000B)
    __rt_entry                               0x080002b5   Thumb Code     0  __rtentry.o(.ARM.Collect$$rtentry$$00000000)
    __rt_entry_presh_1                       0x080002b5   Thumb Code     0  __rtentry2.o(.ARM.Collect$$rtentry$$00000002)
    __rt_entry_sh                            0x080002b5   Thumb Code     0  __rtentry4.o(.ARM.Collect$$rtentry$$00000004)
    __rt_entry_li                            0x080002bb   Thumb Code     0  __rtentry2.o(.ARM.Collect$$rtentry$$0000000A)
    __rt_entry_postsh_1                      0x080002bb   Thumb Code     0  __rtentry2.o(.ARM.Collect$$rtentry$$00000009)
    __rt_entry_main                          0x080002bf   Thumb Code     0  __rtentry2.o(.ARM.Collect$$rtentry$$0000000D)
    __rt_entry_postli_1                      0x080002bf   Thumb Code     0  __rtentry2.o(.ARM.Collect$$rtentry$$0000000C)
    __rt_exit                                0x080002c7   Thumb Code     0  rtexit.o(.ARM.Collect$$rtexit$$00000000)
    __rt_exit_ls                             0x080002c9   Thumb Code     0  rtexit2.o(.ARM.Collect$$rtexit$$00000003)
    __rt_exit_prels_1                        0x080002c9   Thumb Code     0  rtexit2.o(.ARM.Collect$$rtexit$$00000002)
    __rt_exit_exit                           0x080002cd   Thumb Code     0  rtexit2.o(.ARM.Collect$$rtexit$$00000004)
    HC05_Role_Show                           0x080002d5   Thumb Code    54  main.o(.text)
    HC05_Sta_Show                            0x0800030b   Thumb Code    52  main.o(.text)
    main                                     0x0800033f   Thumb Code   532  main.o(.text)
    NMI_Handler                              0x08000715   Thumb Code     2  stm32f4xx_it.o(.text)
    HardFault_Handler                        0x08000717   Thumb Code     4  stm32f4xx_it.o(.text)
    MemManage_Handler                        0x0800071b   Thumb Code     4  stm32f4xx_it.o(.text)
    BusFault_Handler                         0x0800071f   Thumb Code     4  stm32f4xx_it.o(.text)
    UsageFault_Handler                       0x08000723   Thumb Code     4  stm32f4xx_it.o(.text)
    SVC_Handler                              0x08000727   Thumb Code     2  stm32f4xx_it.o(.text)
    DebugMon_Handler                         0x08000729   Thumb Code     2  stm32f4xx_it.o(.text)
    PendSV_Handler                           0x0800072b   Thumb Code     2  stm32f4xx_it.o(.text)
    SysTick_Handler                          0x0800072d   Thumb Code     2  stm32f4xx_it.o(.text)
    SystemInit                               0x0800080d   Thumb Code    88  system_stm32f4xx.o(.text)
    SystemCoreClockUpdate                    0x08000865   Thumb Code   174  system_stm32f4xx.o(.text)
    LED_Init                                 0x08000941   Thumb Code    60  led.o(.text)
    LCD_WR_REG                               0x08000981   Thumb Code    18  lcd.o(.text)
    LCD_WR_DATA                              0x08000993   Thumb Code    20  lcd.o(.text)
    LCD_RD_DATA                              0x080009a7   Thumb Code    16  lcd.o(.text)
    LCD_WriteReg                             0x080009b7   Thumb Code    14  lcd.o(.text)
    LCD_ReadReg                              0x080009c5   Thumb Code    22  lcd.o(.text)
    LCD_WriteRAM_Prepare                     0x080009db   Thumb Code    10  lcd.o(.text)
    LCD_WriteRAM                             0x080009e5   Thumb Code     8  lcd.o(.text)
    LCD_BGR2RGB                              0x080009ed   Thumb Code    26  lcd.o(.text)
    opt_delay                                0x08000a07   Thumb Code    14  lcd.o(.text)
    LCD_SetCursor                            0x08000a15   Thumb Code   418  lcd.o(.text)
    LCD_ReadPoint                            0x08000bb7   Thumb Code   360  lcd.o(.text)
    LCD_DisplayOn                            0x08000d1f   Thumb Code   102  lcd.o(.text)
    LCD_DisplayOff                           0x08000d85   Thumb Code    90  lcd.o(.text)
    LCD_Scan_Dir                             0x08000ddf   Thumb Code   744  lcd.o(.text)
    LCD_DrawPoint                            0x080010c7   Thumb Code    28  lcd.o(.text)
    LCD_Fast_DrawPoint                       0x080010e3   Thumb Code   388  lcd.o(.text)
    LCD_SSD_BackLightSet                     0x08001267   Thumb Code    88  lcd.o(.text)
    LCD_Display_Dir                          0x080012bf   Thumb Code   444  lcd.o(.text)
    LCD_Set_Window                           0x0800147b   Thumb Code   546  lcd.o(.text)
    LCD_Clear                                0x0800169d   Thumb Code   100  lcd.o(.text)
    LCD_Init                                 0x08001701   Thumb Code 14696  lcd.o(.text)
    LCD_Fill                                 0x08005069   Thumb Code   180  lcd.o(.text)
    LCD_Color_Fill                           0x0800511d   Thumb Code   100  lcd.o(.text)
    LCD_DrawLine                             0x08005181   Thumb Code   176  lcd.o(.text)
    LCD_DrawRectangle                        0x08005231   Thumb Code    60  lcd.o(.text)
    LCD_Draw_Circle                          0x0800526d   Thumb Code   152  lcd.o(.text)
    LCD_ShowChar                             0x08005305   Thumb Code   272  lcd.o(.text)
    LCD_Pow                                  0x08005415   Thumb Code    22  lcd.o(.text)
    LCD_ShowNum                              0x0800542b   Thumb Code   148  lcd.o(.text)
    LCD_ShowxNum                             0x080054bf   Thumb Code   220  lcd.o(.text)
    LCD_ShowString                           0x0800559b   Thumb Code   102  lcd.o(.text)
    USART3_IRQHandler                        0x08005601   Thumb Code    96  usart3.o(.text)
    usart3_init                              0x08005661   Thumb Code   196  usart3.o(.text)
    u3_printf                                0x08005725   Thumb Code    72  usart3.o(.text)
    TIM7_IRQHandler                          0x08005785   Thumb Code    42  timer.o(.text)
    TIM5_IRQHandler                          0x080057af   Thumb Code    42  timer.o(.text)
    TIM2_IRQHandler                          0x080057d9   Thumb Code    44  timer.o(.text)
    TIM7_Int_Init                            0x08005805   Thumb Code    86  timer.o(.text)
    TIM5_Int_Init                            0x0800585b   Thumb Code    86  timer.o(.text)
    TIM2_Int_Init                            0x080058b1   Thumb Code    88  timer.o(.text)
    KEY_Init                                 0x0800591d   Thumb Code    60  key.o(.text)
    KEY_Scan                                 0x08005959   Thumb Code   188  key.o(.text)
    USART2_IRQHandler                        0x08005a21   Thumb Code    96  usart2.o(.text)
    usart2_init                              0x08005a81   Thumb Code   194  usart2.o(.text)
    u2_printf                                0x08005b43   Thumb Code    72  usart2.o(.text)
    HC05_Init                                0x08005ba5   Thumb Code   220  hc05.o(.text)
    HC05_Get_Role                            0x08005c81   Thumb Code   124  hc05.o(.text)
    HC05_Set_Cmd                             0x08005cfd   Thumb Code   128  hc05.o(.text)
    HC05_CFG_CMD                             0x08005d7d   Thumb Code    94  hc05.o(.text)
    USART6_IRQHandler                        0x08005e19   Thumb Code    98  usart6.o(.text)
    usart6_init                              0x08005e7b   Thumb Code   196  usart6.o(.text)
    u6_printf                                0x08005f3f   Thumb Code    72  usart6.o(.text)
    delay_init                               0x08005f9d   Thumb Code    52  delay.o(.text)
    delay_us                                 0x08005fd1   Thumb Code    72  delay.o(.text)
    delay_xms                                0x08006019   Thumb Code    72  delay.o(.text)
    delay_ms                                 0x08006061   Thumb Code    56  delay.o(.text)
    _sys_exit                                0x080060a1   Thumb Code     6  usart.o(.text)
    fputc                                    0x080060a7   Thumb Code    22  usart.o(.text)
    uart_init                                0x080060bd   Thumb Code   164  usart.o(.text)
    USART1_IRQHandler                        0x08006161   Thumb Code   122  usart.o(.text)
    Reset_Handler                            0x080061ed   Thumb Code     8  startup_stm32f40_41xxx.o(.text)
    ADC_IRQHandler                           0x08006207   Thumb Code     0  startup_stm32f40_41xxx.o(.text)
    CAN1_RX0_IRQHandler                      0x08006207   Thumb Code     0  startup_stm32f40_41xxx.o(.text)
    CAN1_RX1_IRQHandler                      0x08006207   Thumb Code     0  startup_stm32f40_41xxx.o(.text)
    CAN1_SCE_IRQHandler                      0x08006207   Thumb Code     0  startup_stm32f40_41xxx.o(.text)
    CAN1_TX_IRQHandler                       0x08006207   Thumb Code     0  startup_stm32f40_41xxx.o(.text)
    CAN2_RX0_IRQHandler                      0x08006207   Thumb Code     0  startup_stm32f40_41xxx.o(.text)
    CAN2_RX1_IRQHandler                      0x08006207   Thumb Code     0  startup_stm32f40_41xxx.o(.text)
    CAN2_SCE_IRQHandler                      0x08006207   Thumb Code     0  startup_stm32f40_41xxx.o(.text)
    CAN2_TX_IRQHandler                       0x08006207   Thumb Code     0  startup_stm32f40_41xxx.o(.text)
    CRYP_IRQHandler                          0x08006207   Thumb Code     0  startup_stm32f40_41xxx.o(.text)
    DCMI_IRQHandler                          0x08006207   Thumb Code     0  startup_stm32f40_41xxx.o(.text)
    DMA1_Stream0_IRQHandler                  0x08006207   Thumb Code     0  startup_stm32f40_41xxx.o(.text)
    DMA1_Stream1_IRQHandler                  0x08006207   Thumb Code     0  startup_stm32f40_41xxx.o(.text)
    DMA1_Stream2_IRQHandler                  0x08006207   Thumb Code     0  startup_stm32f40_41xxx.o(.text)
    DMA1_Stream3_IRQHandler                  0x08006207   Thumb Code     0  startup_stm32f40_41xxx.o(.text)
    DMA1_Stream4_IRQHandler                  0x08006207   Thumb Code     0  startup_stm32f40_41xxx.o(.text)
    DMA1_Stream5_IRQHandler                  0x08006207   Thumb Code     0  startup_stm32f40_41xxx.o(.text)
    DMA1_Stream6_IRQHandler                  0x08006207   Thumb Code     0  startup_stm32f40_41xxx.o(.text)
    DMA1_Stream7_IRQHandler                  0x08006207   Thumb Code     0  startup_stm32f40_41xxx.o(.text)
    DMA2_Stream0_IRQHandler                  0x08006207   Thumb Code     0  startup_stm32f40_41xxx.o(.text)
    DMA2_Stream1_IRQHandler                  0x08006207   Thumb Code     0  startup_stm32f40_41xxx.o(.text)
    DMA2_Stream2_IRQHandler                  0x08006207   Thumb Code     0  startup_stm32f40_41xxx.o(.text)
    DMA2_Stream3_IRQHandler                  0x08006207   Thumb Code     0  startup_stm32f40_41xxx.o(.text)
    DMA2_Stream4_IRQHandler                  0x08006207   Thumb Code     0  startup_stm32f40_41xxx.o(.text)
    DMA2_Stream5_IRQHandler                  0x08006207   Thumb Code     0  startup_stm32f40_41xxx.o(.text)
    DMA2_Stream6_IRQHandler                  0x08006207   Thumb Code     0  startup_stm32f40_41xxx.o(.text)
    DMA2_Stream7_IRQHandler                  0x08006207   Thumb Code     0  startup_stm32f40_41xxx.o(.text)
    ETH_IRQHandler                           0x08006207   Thumb Code     0  startup_stm32f40_41xxx.o(.text)
    ETH_WKUP_IRQHandler                      0x08006207   Thumb Code     0  startup_stm32f40_41xxx.o(.text)
    EXTI0_IRQHandler                         0x08006207   Thumb Code     0  startup_stm32f40_41xxx.o(.text)
    EXTI15_10_IRQHandler                     0x08006207   Thumb Code     0  startup_stm32f40_41xxx.o(.text)
    EXTI1_IRQHandler                         0x08006207   Thumb Code     0  startup_stm32f40_41xxx.o(.text)
    EXTI2_IRQHandler                         0x08006207   Thumb Code     0  startup_stm32f40_41xxx.o(.text)
    EXTI3_IRQHandler                         0x08006207   Thumb Code     0  startup_stm32f40_41xxx.o(.text)
    EXTI4_IRQHandler                         0x08006207   Thumb Code     0  startup_stm32f40_41xxx.o(.text)
    EXTI9_5_IRQHandler                       0x08006207   Thumb Code     0  startup_stm32f40_41xxx.o(.text)
    FLASH_IRQHandler                         0x08006207   Thumb Code     0  startup_stm32f40_41xxx.o(.text)
    FPU_IRQHandler                           0x08006207   Thumb Code     0  startup_stm32f40_41xxx.o(.text)
    FSMC_IRQHandler                          0x08006207   Thumb Code     0  startup_stm32f40_41xxx.o(.text)
    HASH_RNG_IRQHandler                      0x08006207   Thumb Code     0  startup_stm32f40_41xxx.o(.text)
    I2C1_ER_IRQHandler                       0x08006207   Thumb Code     0  startup_stm32f40_41xxx.o(.text)
    I2C1_EV_IRQHandler                       0x08006207   Thumb Code     0  startup_stm32f40_41xxx.o(.text)
    I2C2_ER_IRQHandler                       0x08006207   Thumb Code     0  startup_stm32f40_41xxx.o(.text)
    I2C2_EV_IRQHandler                       0x08006207   Thumb Code     0  startup_stm32f40_41xxx.o(.text)
    I2C3_ER_IRQHandler                       0x08006207   Thumb Code     0  startup_stm32f40_41xxx.o(.text)
    I2C3_EV_IRQHandler                       0x08006207   Thumb Code     0  startup_stm32f40_41xxx.o(.text)
    OTG_FS_IRQHandler                        0x08006207   Thumb Code     0  startup_stm32f40_41xxx.o(.text)
    OTG_FS_WKUP_IRQHandler                   0x08006207   Thumb Code     0  startup_stm32f40_41xxx.o(.text)
    OTG_HS_EP1_IN_IRQHandler                 0x08006207   Thumb Code     0  startup_stm32f40_41xxx.o(.text)
    OTG_HS_EP1_OUT_IRQHandler                0x08006207   Thumb Code     0  startup_stm32f40_41xxx.o(.text)
    OTG_HS_IRQHandler                        0x08006207   Thumb Code     0  startup_stm32f40_41xxx.o(.text)
    OTG_HS_WKUP_IRQHandler                   0x08006207   Thumb Code     0  startup_stm32f40_41xxx.o(.text)
    PVD_IRQHandler                           0x08006207   Thumb Code     0  startup_stm32f40_41xxx.o(.text)
    RCC_IRQHandler                           0x08006207   Thumb Code     0  startup_stm32f40_41xxx.o(.text)
    RTC_Alarm_IRQHandler                     0x08006207   Thumb Code     0  startup_stm32f40_41xxx.o(.text)
    RTC_WKUP_IRQHandler                      0x08006207   Thumb Code     0  startup_stm32f40_41xxx.o(.text)
    SDIO_IRQHandler                          0x08006207   Thumb Code     0  startup_stm32f40_41xxx.o(.text)
    SPI1_IRQHandler                          0x08006207   Thumb Code     0  startup_stm32f40_41xxx.o(.text)
    SPI2_IRQHandler                          0x08006207   Thumb Code     0  startup_stm32f40_41xxx.o(.text)
    SPI3_IRQHandler                          0x08006207   Thumb Code     0  startup_stm32f40_41xxx.o(.text)
    TAMP_STAMP_IRQHandler                    0x08006207   Thumb Code     0  startup_stm32f40_41xxx.o(.text)
    TIM1_BRK_TIM9_IRQHandler                 0x08006207   Thumb Code     0  startup_stm32f40_41xxx.o(.text)
    TIM1_CC_IRQHandler                       0x08006207   Thumb Code     0  startup_stm32f40_41xxx.o(.text)
    TIM1_TRG_COM_TIM11_IRQHandler            0x08006207   Thumb Code     0  startup_stm32f40_41xxx.o(.text)
    TIM1_UP_TIM10_IRQHandler                 0x08006207   Thumb Code     0  startup_stm32f40_41xxx.o(.text)
    TIM3_IRQHandler                          0x08006207   Thumb Code     0  startup_stm32f40_41xxx.o(.text)
    TIM4_IRQHandler                          0x08006207   Thumb Code     0  startup_stm32f40_41xxx.o(.text)
    TIM6_DAC_IRQHandler                      0x08006207   Thumb Code     0  startup_stm32f40_41xxx.o(.text)
    TIM8_BRK_TIM12_IRQHandler                0x08006207   Thumb Code     0  startup_stm32f40_41xxx.o(.text)
    TIM8_CC_IRQHandler                       0x08006207   Thumb Code     0  startup_stm32f40_41xxx.o(.text)
    TIM8_TRG_COM_TIM14_IRQHandler            0x08006207   Thumb Code     0  startup_stm32f40_41xxx.o(.text)
    TIM8_UP_TIM13_IRQHandler                 0x08006207   Thumb Code     0  startup_stm32f40_41xxx.o(.text)
    UART4_IRQHandler                         0x08006207   Thumb Code     0  startup_stm32f40_41xxx.o(.text)
    UART5_IRQHandler                         0x08006207   Thumb Code     0  startup_stm32f40_41xxx.o(.text)
    WWDG_IRQHandler                          0x08006207   Thumb Code     0  startup_stm32f40_41xxx.o(.text)
    __user_initial_stackheap                 0x08006209   Thumb Code     0  startup_stm32f40_41xxx.o(.text)
    NVIC_PriorityGroupConfig                 0x0800622d   Thumb Code    10  misc.o(.text)
    NVIC_Init                                0x08006237   Thumb Code   106  misc.o(.text)
    NVIC_SetVectorTable                      0x080062a1   Thumb Code    14  misc.o(.text)
    NVIC_SystemLPConfig                      0x080062af   Thumb Code    34  misc.o(.text)
    SysTick_CLKSourceConfig                  0x080062d1   Thumb Code    40  misc.o(.text)
    GPIO_DeInit                              0x0800630d   Thumb Code   268  stm32f4xx_gpio.o(.text)
    GPIO_Init                                0x08006419   Thumb Code   144  stm32f4xx_gpio.o(.text)
    GPIO_StructInit                          0x080064a9   Thumb Code    18  stm32f4xx_gpio.o(.text)
    GPIO_PinLockConfig                       0x080064bb   Thumb Code    34  stm32f4xx_gpio.o(.text)
    GPIO_ReadInputDataBit                    0x080064dd   Thumb Code    18  stm32f4xx_gpio.o(.text)
    GPIO_ReadInputData                       0x080064ef   Thumb Code     8  stm32f4xx_gpio.o(.text)
    GPIO_ReadOutputDataBit                   0x080064f7   Thumb Code    18  stm32f4xx_gpio.o(.text)
    GPIO_ReadOutputData                      0x08006509   Thumb Code     8  stm32f4xx_gpio.o(.text)
    GPIO_SetBits                             0x08006511   Thumb Code     4  stm32f4xx_gpio.o(.text)
    GPIO_ResetBits                           0x08006515   Thumb Code     4  stm32f4xx_gpio.o(.text)
    GPIO_WriteBit                            0x08006519   Thumb Code    10  stm32f4xx_gpio.o(.text)
    GPIO_Write                               0x08006523   Thumb Code     4  stm32f4xx_gpio.o(.text)
    GPIO_ToggleBits                          0x08006527   Thumb Code     8  stm32f4xx_gpio.o(.text)
    GPIO_PinAFConfig                         0x0800652f   Thumb Code    70  stm32f4xx_gpio.o(.text)
    FSMC_NORSRAMDeInit                       0x080065a1   Thumb Code    54  stm32f4xx_fsmc.o(.text)
    FSMC_NORSRAMInit                         0x080065d7   Thumb Code   230  stm32f4xx_fsmc.o(.text)
    FSMC_NORSRAMStructInit                   0x080066bd   Thumb Code    48  stm32f4xx_fsmc.o(.text)
    FSMC_NORSRAMCmd                          0x080066ed   Thumb Code    46  stm32f4xx_fsmc.o(.text)
    FSMC_NANDDeInit                          0x0800671b   Thumb Code    62  stm32f4xx_fsmc.o(.text)
    FSMC_NANDInit                            0x08006759   Thumb Code   132  stm32f4xx_fsmc.o(.text)
    FSMC_NANDStructInit                      0x080067dd   Thumb Code    54  stm32f4xx_fsmc.o(.text)
    FSMC_NANDCmd                             0x08006813   Thumb Code    86  stm32f4xx_fsmc.o(.text)
    FSMC_NANDECCCmd                          0x08006869   Thumb Code    86  stm32f4xx_fsmc.o(.text)
    FSMC_GetECC                              0x080068bf   Thumb Code    24  stm32f4xx_fsmc.o(.text)
    FSMC_PCCARDDeInit                        0x080068d7   Thumb Code    36  stm32f4xx_fsmc.o(.text)
    FSMC_PCCARDInit                          0x080068fb   Thumb Code   130  stm32f4xx_fsmc.o(.text)
    FSMC_PCCARDStructInit                    0x0800697d   Thumb Code    60  stm32f4xx_fsmc.o(.text)
    FSMC_PCCARDCmd                           0x080069b9   Thumb Code    44  stm32f4xx_fsmc.o(.text)
    FSMC_ITConfig                            0x080069e5   Thumb Code   128  stm32f4xx_fsmc.o(.text)
    FSMC_GetFlagStatus                       0x08006a65   Thumb Code    54  stm32f4xx_fsmc.o(.text)
    FSMC_ClearFlag                           0x08006a9b   Thumb Code    74  stm32f4xx_fsmc.o(.text)
    FSMC_GetITStatus                         0x08006ae5   Thumb Code    62  stm32f4xx_fsmc.o(.text)
    FSMC_ClearITPendingBit                   0x08006b23   Thumb Code    66  stm32f4xx_fsmc.o(.text)
    RCC_DeInit                               0x08006b69   Thumb Code    82  stm32f4xx_rcc.o(.text)
    RCC_HSEConfig                            0x08006bbb   Thumb Code    14  stm32f4xx_rcc.o(.text)
    RCC_GetFlagStatus                        0x08006bc9   Thumb Code    60  stm32f4xx_rcc.o(.text)
    RCC_WaitForHSEStartUp                    0x08006c05   Thumb Code    56  stm32f4xx_rcc.o(.text)
    RCC_AdjustHSICalibrationValue            0x08006c3d   Thumb Code    20  stm32f4xx_rcc.o(.text)
    RCC_HSICmd                               0x08006c51   Thumb Code     6  stm32f4xx_rcc.o(.text)
    RCC_LSEConfig                            0x08006c57   Thumb Code    46  stm32f4xx_rcc.o(.text)
    RCC_LSICmd                               0x08006c85   Thumb Code     6  stm32f4xx_rcc.o(.text)
    RCC_PLLConfig                            0x08006c8b   Thumb Code    32  stm32f4xx_rcc.o(.text)
    RCC_PLLCmd                               0x08006cab   Thumb Code     6  stm32f4xx_rcc.o(.text)
    RCC_PLLI2SConfig                         0x08006cb1   Thumb Code    14  stm32f4xx_rcc.o(.text)
    RCC_PLLI2SCmd                            0x08006cbf   Thumb Code     6  stm32f4xx_rcc.o(.text)
    RCC_PLLSAIConfig                         0x08006cc5   Thumb Code    20  stm32f4xx_rcc.o(.text)
    RCC_PLLSAICmd                            0x08006cd9   Thumb Code     6  stm32f4xx_rcc.o(.text)
    RCC_ClockSecuritySystemCmd               0x08006cdf   Thumb Code     6  stm32f4xx_rcc.o(.text)
    RCC_MCO1Config                           0x08006ce5   Thumb Code    28  stm32f4xx_rcc.o(.text)
    RCC_MCO2Config                           0x08006d01   Thumb Code    28  stm32f4xx_rcc.o(.text)
    RCC_SYSCLKConfig                         0x08006d1d   Thumb Code    20  stm32f4xx_rcc.o(.text)
    RCC_GetSYSCLKSource                      0x08006d31   Thumb Code    12  stm32f4xx_rcc.o(.text)
    RCC_HCLKConfig                           0x08006d3d   Thumb Code    20  stm32f4xx_rcc.o(.text)
    RCC_PCLK1Config                          0x08006d51   Thumb Code    20  stm32f4xx_rcc.o(.text)
    RCC_PCLK2Config                          0x08006d65   Thumb Code    22  stm32f4xx_rcc.o(.text)
    RCC_GetClocksFreq                        0x08006d7b   Thumb Code   222  stm32f4xx_rcc.o(.text)
    RCC_RTCCLKConfig                         0x08006e59   Thumb Code    54  stm32f4xx_rcc.o(.text)
    RCC_RTCCLKCmd                            0x08006e8f   Thumb Code     8  stm32f4xx_rcc.o(.text)
    RCC_BackupResetCmd                       0x08006e97   Thumb Code     8  stm32f4xx_rcc.o(.text)
    RCC_I2SCLKConfig                         0x08006e9f   Thumb Code     6  stm32f4xx_rcc.o(.text)
    RCC_SAIPLLI2SClkDivConfig                0x08006ea5   Thumb Code    26  stm32f4xx_rcc.o(.text)
    RCC_SAIPLLSAIClkDivConfig                0x08006ebf   Thumb Code    28  stm32f4xx_rcc.o(.text)
    RCC_SAIBlockACLKConfig                   0x08006edb   Thumb Code    20  stm32f4xx_rcc.o(.text)
    RCC_SAIBlockBCLKConfig                   0x08006eef   Thumb Code    20  stm32f4xx_rcc.o(.text)
    RCC_LTDCCLKDivConfig                     0x08006f03   Thumb Code    20  stm32f4xx_rcc.o(.text)
    RCC_TIMCLKPresConfig                     0x08006f17   Thumb Code     6  stm32f4xx_rcc.o(.text)
    RCC_AHB1PeriphClockCmd                   0x08006f1d   Thumb Code    34  stm32f4xx_rcc.o(.text)
    RCC_AHB2PeriphClockCmd                   0x08006f3f   Thumb Code    78  stm32f4xx_rcc.o(.text)
    RCC_AHB3PeriphClockCmd                   0x08006f8d   Thumb Code    34  stm32f4xx_rcc.o(.text)
    RCC_APB1PeriphClockCmd                   0x08006faf   Thumb Code    34  stm32f4xx_rcc.o(.text)
    RCC_APB2PeriphClockCmd                   0x08006fd1   Thumb Code    34  stm32f4xx_rcc.o(.text)
    RCC_AHB1PeriphResetCmd                   0x08006ff3   Thumb Code    34  stm32f4xx_rcc.o(.text)
    RCC_AHB2PeriphResetCmd                   0x08007015   Thumb Code    34  stm32f4xx_rcc.o(.text)
    RCC_AHB3PeriphResetCmd                   0x08007037   Thumb Code    34  stm32f4xx_rcc.o(.text)
    RCC_APB1PeriphResetCmd                   0x08007059   Thumb Code    34  stm32f4xx_rcc.o(.text)
    RCC_APB2PeriphResetCmd                   0x0800707b   Thumb Code    34  stm32f4xx_rcc.o(.text)
    RCC_AHB1PeriphClockLPModeCmd             0x0800709d   Thumb Code    34  stm32f4xx_rcc.o(.text)
    RCC_AHB2PeriphClockLPModeCmd             0x080070bf   Thumb Code    34  stm32f4xx_rcc.o(.text)
    RCC_AHB3PeriphClockLPModeCmd             0x080070e1   Thumb Code    34  stm32f4xx_rcc.o(.text)
    RCC_APB1PeriphClockLPModeCmd             0x08007103   Thumb Code    34  stm32f4xx_rcc.o(.text)
    RCC_APB2PeriphClockLPModeCmd             0x08007125   Thumb Code    34  stm32f4xx_rcc.o(.text)
    RCC_LSEModeConfig                        0x08007147   Thumb Code    40  stm32f4xx_rcc.o(.text)
    RCC_ITConfig                             0x0800716f   Thumb Code    34  stm32f4xx_rcc.o(.text)
    RCC_ClearFlag                            0x08007191   Thumb Code    18  stm32f4xx_rcc.o(.text)
    RCC_GetITStatus                          0x080071a3   Thumb Code    22  stm32f4xx_rcc.o(.text)
    RCC_ClearITPendingBit                    0x080071b9   Thumb Code     8  stm32f4xx_rcc.o(.text)
    USART_DeInit                             0x080071c5   Thumb Code   206  stm32f4xx_usart.o(.text)
    USART_Init                               0x08007293   Thumb Code   204  stm32f4xx_usart.o(.text)
    USART_StructInit                         0x0800735f   Thumb Code    24  stm32f4xx_usart.o(.text)
    USART_ClockInit                          0x08007377   Thumb Code    32  stm32f4xx_usart.o(.text)
    USART_ClockStructInit                    0x08007397   Thumb Code    12  stm32f4xx_usart.o(.text)
    USART_Cmd                                0x080073a3   Thumb Code    24  stm32f4xx_usart.o(.text)
    USART_SetPrescaler                       0x080073bb   Thumb Code    16  stm32f4xx_usart.o(.text)
    USART_OverSampling8Cmd                   0x080073cb   Thumb Code    22  stm32f4xx_usart.o(.text)
    USART_OneBitMethodCmd                    0x080073e1   Thumb Code    24  stm32f4xx_usart.o(.text)
    USART_SendData                           0x080073f9   Thumb Code     8  stm32f4xx_usart.o(.text)
    USART_ReceiveData                        0x08007401   Thumb Code    10  stm32f4xx_usart.o(.text)
    USART_SetAddress                         0x0800740b   Thumb Code    18  stm32f4xx_usart.o(.text)
    USART_ReceiverWakeUpCmd                  0x0800741d   Thumb Code    24  stm32f4xx_usart.o(.text)
    USART_WakeUpConfig                       0x08007435   Thumb Code    18  stm32f4xx_usart.o(.text)
    USART_LINBreakDetectLengthConfig         0x08007447   Thumb Code    18  stm32f4xx_usart.o(.text)
    USART_LINCmd                             0x08007459   Thumb Code    24  stm32f4xx_usart.o(.text)
    USART_SendBreak                          0x08007471   Thumb Code    10  stm32f4xx_usart.o(.text)
    USART_HalfDuplexCmd                      0x0800747b   Thumb Code    24  stm32f4xx_usart.o(.text)
    USART_SetGuardTime                       0x08007493   Thumb Code    16  stm32f4xx_usart.o(.text)
    USART_SmartCardCmd                       0x080074a3   Thumb Code    24  stm32f4xx_usart.o(.text)
    USART_SmartCardNACKCmd                   0x080074bb   Thumb Code    24  stm32f4xx_usart.o(.text)
    USART_IrDAConfig                         0x080074d3   Thumb Code    18  stm32f4xx_usart.o(.text)
    USART_IrDACmd                            0x080074e5   Thumb Code    24  stm32f4xx_usart.o(.text)
    USART_DMACmd                             0x080074fd   Thumb Code    18  stm32f4xx_usart.o(.text)
    USART_ITConfig                           0x0800750f   Thumb Code    74  stm32f4xx_usart.o(.text)
    USART_GetFlagStatus                      0x08007559   Thumb Code    26  stm32f4xx_usart.o(.text)
    USART_ClearFlag                          0x08007573   Thumb Code    18  stm32f4xx_usart.o(.text)
    USART_GetITStatus                        0x08007585   Thumb Code   118  stm32f4xx_usart.o(.text)
    USART_ClearITPendingBit                  0x080075fb   Thumb Code    30  stm32f4xx_usart.o(.text)
    TIM_DeInit                               0x08007619   Thumb Code   346  stm32f4xx_tim.o(.text)
    TIM_TimeBaseInit                         0x08007773   Thumb Code   104  stm32f4xx_tim.o(.text)
    TIM_TimeBaseStructInit                   0x080077db   Thumb Code    18  stm32f4xx_tim.o(.text)
    TIM_PrescalerConfig                      0x080077ed   Thumb Code     6  stm32f4xx_tim.o(.text)
    TIM_CounterModeConfig                    0x080077f3   Thumb Code    18  stm32f4xx_tim.o(.text)
    TIM_SetCounter                           0x08007805   Thumb Code     4  stm32f4xx_tim.o(.text)
    TIM_SetAutoreload                        0x08007809   Thumb Code     4  stm32f4xx_tim.o(.text)
    TIM_GetCounter                           0x0800780d   Thumb Code     6  stm32f4xx_tim.o(.text)
    TIM_GetPrescaler                         0x08007813   Thumb Code     6  stm32f4xx_tim.o(.text)
    TIM_UpdateDisableConfig                  0x08007819   Thumb Code    24  stm32f4xx_tim.o(.text)
    TIM_UpdateRequestConfig                  0x08007831   Thumb Code    24  stm32f4xx_tim.o(.text)
    TIM_ARRPreloadConfig                     0x08007849   Thumb Code    24  stm32f4xx_tim.o(.text)
    TIM_SelectOnePulseMode                   0x08007861   Thumb Code    18  stm32f4xx_tim.o(.text)
    TIM_SetClockDivision                     0x08007873   Thumb Code    18  stm32f4xx_tim.o(.text)
    TIM_Cmd                                  0x08007885   Thumb Code    24  stm32f4xx_tim.o(.text)
    TIM_OC1Init                              0x0800789d   Thumb Code   114  stm32f4xx_tim.o(.text)
    TIM_OC2Init                              0x0800790f   Thumb Code   154  stm32f4xx_tim.o(.text)
    TIM_OC3Init                              0x080079a9   Thumb Code   204  stm32f4xx_tim.o(.text)
    TIM_OC4Init                              0x08007a75   Thumb Code   112  stm32f4xx_tim.o(.text)
    TIM_OCStructInit                         0x08007ae5   Thumb Code    20  stm32f4xx_tim.o(.text)
    TIM_SelectOCxM                           0x08007af9   Thumb Code    86  stm32f4xx_tim.o(.text)
    TIM_SetCompare1                          0x08007b4f   Thumb Code     4  stm32f4xx_tim.o(.text)
    TIM_SetCompare2                          0x08007b53   Thumb Code     4  stm32f4xx_tim.o(.text)
    TIM_SetCompare3                          0x08007b57   Thumb Code     4  stm32f4xx_tim.o(.text)
    TIM_SetCompare4                          0x08007b5b   Thumb Code     4  stm32f4xx_tim.o(.text)
    TIM_ForcedOC1Config                      0x08007b5f   Thumb Code    18  stm32f4xx_tim.o(.text)
    TIM_ForcedOC2Config                      0x08007b71   Thumb Code    26  stm32f4xx_tim.o(.text)
    TIM_ForcedOC3Config                      0x08007b8b   Thumb Code    18  stm32f4xx_tim.o(.text)
    TIM_ForcedOC4Config                      0x08007b9d   Thumb Code    26  stm32f4xx_tim.o(.text)
    TIM_OC1PreloadConfig                     0x08007bb7   Thumb Code    18  stm32f4xx_tim.o(.text)
    TIM_OC2PreloadConfig                     0x08007bc9   Thumb Code    26  stm32f4xx_tim.o(.text)
    TIM_OC3PreloadConfig                     0x08007be3   Thumb Code    18  stm32f4xx_tim.o(.text)
    TIM_OC4PreloadConfig                     0x08007bf5   Thumb Code    26  stm32f4xx_tim.o(.text)
    TIM_OC1FastConfig                        0x08007c0f   Thumb Code    18  stm32f4xx_tim.o(.text)
    TIM_OC2FastConfig                        0x08007c21   Thumb Code    26  stm32f4xx_tim.o(.text)
    TIM_OC3FastConfig                        0x08007c3b   Thumb Code    18  stm32f4xx_tim.o(.text)
    TIM_OC4FastConfig                        0x08007c4d   Thumb Code    26  stm32f4xx_tim.o(.text)
    TIM_ClearOC1Ref                          0x08007c67   Thumb Code    18  stm32f4xx_tim.o(.text)
    TIM_ClearOC2Ref                          0x08007c79   Thumb Code    24  stm32f4xx_tim.o(.text)
    TIM_ClearOC3Ref                          0x08007c91   Thumb Code    18  stm32f4xx_tim.o(.text)
    TIM_ClearOC4Ref                          0x08007ca3   Thumb Code    24  stm32f4xx_tim.o(.text)
    TIM_OC1PolarityConfig                    0x08007cbb   Thumb Code    18  stm32f4xx_tim.o(.text)
    TIM_OC1NPolarityConfig                   0x08007ccd   Thumb Code    18  stm32f4xx_tim.o(.text)
    TIM_OC2PolarityConfig                    0x08007cdf   Thumb Code    26  stm32f4xx_tim.o(.text)
    TIM_OC2NPolarityConfig                   0x08007cf9   Thumb Code    26  stm32f4xx_tim.o(.text)
    TIM_OC3PolarityConfig                    0x08007d13   Thumb Code    26  stm32f4xx_tim.o(.text)
    TIM_OC3NPolarityConfig                   0x08007d2d   Thumb Code    26  stm32f4xx_tim.o(.text)
    TIM_OC4PolarityConfig                    0x08007d47   Thumb Code    26  stm32f4xx_tim.o(.text)
    TIM_CCxCmd                               0x08007d61   Thumb Code    30  stm32f4xx_tim.o(.text)
    TIM_CCxNCmd                              0x08007d7f   Thumb Code    30  stm32f4xx_tim.o(.text)
    TIM_SetIC4Prescaler                      0x08007d9d   Thumb Code    26  stm32f4xx_tim.o(.text)
    TIM_SetIC3Prescaler                      0x08007e07   Thumb Code    18  stm32f4xx_tim.o(.text)
    TIM_SetIC2Prescaler                      0x08007e61   Thumb Code    26  stm32f4xx_tim.o(.text)
    TIM_SetIC1Prescaler                      0x08007ed5   Thumb Code    18  stm32f4xx_tim.o(.text)
    TIM_ICInit                               0x08007f21   Thumb Code   110  stm32f4xx_tim.o(.text)
    TIM_ICStructInit                         0x08007f8f   Thumb Code    18  stm32f4xx_tim.o(.text)
    TIM_PWMIConfig                           0x08007fa1   Thumb Code   124  stm32f4xx_tim.o(.text)
    TIM_GetCapture1                          0x0800801d   Thumb Code     6  stm32f4xx_tim.o(.text)
    TIM_GetCapture2                          0x08008023   Thumb Code     6  stm32f4xx_tim.o(.text)
    TIM_GetCapture3                          0x08008029   Thumb Code     6  stm32f4xx_tim.o(.text)
    TIM_GetCapture4                          0x0800802f   Thumb Code     6  stm32f4xx_tim.o(.text)
    TIM_BDTRConfig                           0x08008035   Thumb Code    32  stm32f4xx_tim.o(.text)
    TIM_BDTRStructInit                       0x08008055   Thumb Code    18  stm32f4xx_tim.o(.text)
    TIM_CtrlPWMOutputs                       0x08008067   Thumb Code    30  stm32f4xx_tim.o(.text)
    TIM_SelectCOM                            0x08008085   Thumb Code    24  stm32f4xx_tim.o(.text)
    TIM_CCPreloadControl                     0x0800809d   Thumb Code    24  stm32f4xx_tim.o(.text)
    TIM_ITConfig                             0x080080b5   Thumb Code    18  stm32f4xx_tim.o(.text)
    TIM_GenerateEvent                        0x080080c7   Thumb Code     4  stm32f4xx_tim.o(.text)
    TIM_GetFlagStatus                        0x080080cb   Thumb Code    18  stm32f4xx_tim.o(.text)
    TIM_ClearFlag                            0x080080dd   Thumb Code     6  stm32f4xx_tim.o(.text)
    TIM_GetITStatus                          0x080080e3   Thumb Code    34  stm32f4xx_tim.o(.text)
    TIM_ClearITPendingBit                    0x08008105   Thumb Code     6  stm32f4xx_tim.o(.text)
    TIM_DMAConfig                            0x0800810b   Thumb Code    10  stm32f4xx_tim.o(.text)
    TIM_DMACmd                               0x08008115   Thumb Code    18  stm32f4xx_tim.o(.text)
    TIM_SelectCCDMA                          0x08008127   Thumb Code    24  stm32f4xx_tim.o(.text)
    TIM_InternalClockConfig                  0x0800813f   Thumb Code    12  stm32f4xx_tim.o(.text)
    TIM_SelectInputTrigger                   0x0800814b   Thumb Code    18  stm32f4xx_tim.o(.text)
    TIM_ITRxExternalClockConfig              0x0800815d   Thumb Code    24  stm32f4xx_tim.o(.text)
    TIM_TIxExternalClockConfig               0x08008175   Thumb Code    62  stm32f4xx_tim.o(.text)
    TIM_ETRConfig                            0x080081b3   Thumb Code    28  stm32f4xx_tim.o(.text)
    TIM_ETRClockMode1Config                  0x080081cf   Thumb Code    54  stm32f4xx_tim.o(.text)
    TIM_ETRClockMode2Config                  0x08008205   Thumb Code    32  stm32f4xx_tim.o(.text)
    TIM_SelectOutputTrigger                  0x08008225   Thumb Code    18  stm32f4xx_tim.o(.text)
    TIM_SelectSlaveMode                      0x08008237   Thumb Code    18  stm32f4xx_tim.o(.text)
    TIM_SelectMasterSlaveMode                0x08008249   Thumb Code    18  stm32f4xx_tim.o(.text)
    TIM_EncoderInterfaceConfig               0x0800825b   Thumb Code    66  stm32f4xx_tim.o(.text)
    TIM_SelectHallSensor                     0x0800829d   Thumb Code    24  stm32f4xx_tim.o(.text)
    TIM_RemapConfig                          0x080082b5   Thumb Code     6  stm32f4xx_tim.o(.text)
    atk_8266_at_response                     0x080082bd   Thumb Code    32  common.o(.text)
    atk_8266_check_cmd                       0x080082dd   Thumb Code    44  common.o(.text)
    atk_8266_send_cmd                        0x08008309   Thumb Code    92  common.o(.text)
    atk_8266_send_data                       0x08008365   Thumb Code    84  common.o(.text)
    atk_8266_quit_trans                      0x080083b9   Thumb Code   100  common.o(.text)
    atk_8266_apsta_check                     0x0800841d   Thumb Code    62  common.o(.text)
    atk_8266_consta_check                    0x0800845b   Thumb Code    36  common.o(.text)
    atk_8266_get_wanip                       0x0800847f   Thumb Code    58  common.o(.text)
    atk_8266_test                            0x080084b9   Thumb Code   146  common.o(.text)
    __use_no_semihosting                     0x0800865d   Thumb Code     2  use_no_semi_2.o(.text)
    __c89sprintf                             0x08008661   Thumb Code    38  c89sprintf.o(.text)
    __c89vsprintf                            0x0800868d   Thumb Code    32  c89vsprintf.o(.text)
    __2printf                                0x080086b1   Thumb Code    20  __2printf.o(.text)
    __2sprintf                               0x080086c9   Thumb Code    38  __2sprintf.o(.text)
    _printf_pre_padding                      0x080086f5   Thumb Code    44  _printf_pad.o(.text)
    _printf_post_padding                     0x08008721   Thumb Code    34  _printf_pad.o(.text)
    _printf_str                              0x08008743   Thumb Code    82  _printf_str.o(.text)
    _printf_int_dec                          0x08008795   Thumb Code   104  _printf_dec.o(.text)
    _printf_longlong_hex                     0x0800880d   Thumb Code    86  _printf_hex_int_ll_ptr.o(.text)
    _printf_int_hex                          0x08008863   Thumb Code    28  _printf_hex_int_ll_ptr.o(.text)
    _printf_ll_hex                           0x0800887f   Thumb Code    12  _printf_hex_int_ll_ptr.o(.text)
    _printf_hex_ptr                          0x0800888b   Thumb Code    18  _printf_hex_int_ll_ptr.o(.text)
    __printf                                 0x080088a1   Thumb Code   388  __printf_flags_ss_wp.o(.text)
    strstr                                   0x08008a29   Thumb Code    36  strstr.o(.text)
    strlen                                   0x08008a4d   Thumb Code    62  strlen.o(.text)
    __aeabi_memclr4                          0x08008a8b   Thumb Code     0  rt_memclr_w.o(.text)
    __aeabi_memclr8                          0x08008a8b   Thumb Code     0  rt_memclr_w.o(.text)
    __rt_memclr_w                            0x08008a8b   Thumb Code    78  rt_memclr_w.o(.text)
    _memset_w                                0x08008a8f   Thumb Code     0  rt_memclr_w.o(.text)
    __use_two_region_memory                  0x08008ad9   Thumb Code     2  heapauxi.o(.text)
    __rt_heap_escrow$2region                 0x08008adb   Thumb Code     2  heapauxi.o(.text)
    __rt_heap_expand$2region                 0x08008add   Thumb Code     2  heapauxi.o(.text)
    __I$use$semihosting                      0x08008adf   Thumb Code     0  use_no_semi.o(.text)
    __use_no_semihosting_swi                 0x08008adf   Thumb Code     2  use_no_semi.o(.text)
    _printf_truncate_signed                  0x08008ae1   Thumb Code    18  _printf_truncate.o(.text)
    _printf_truncate_unsigned                0x08008af3   Thumb Code    18  _printf_truncate.o(.text)
    _printf_int_common                       0x08008b05   Thumb Code   178  _printf_intcommon.o(.text)
    _printf_charcount                        0x08008bb7   Thumb Code    40  _printf_charcount.o(.text)
    _printf_char_common                      0x08008beb   Thumb Code    32  _printf_char_common.o(.text)
    _sputc                                   0x08008c11   Thumb Code    10  _sputc.o(.text)
    _printf_cs_common                        0x08008c1b   Thumb Code    20  _printf_char.o(.text)
    _printf_char                             0x08008c2f   Thumb Code    16  _printf_char.o(.text)
    _printf_string                           0x08008c3f   Thumb Code     8  _printf_char.o(.text)
    _printf_char_file                        0x08008c49   Thumb Code    32  _printf_char_file.o(.text)
    _printf_wctomb                           0x08008c6d   Thumb Code   182  _printf_wctomb.o(.text)
    _printf_longlong_dec                     0x08008d29   Thumb Code   108  _printf_longlong_dec.o(.text)
    _printf_longlong_oct                     0x08008da5   Thumb Code    68  _printf_oct_int_ll.o(.text)
    _printf_int_oct                          0x08008de9   Thumb Code    24  _printf_oct_int_ll.o(.text)
    _printf_ll_oct                           0x08008e01   Thumb Code    12  _printf_oct_int_ll.o(.text)
    _ll_udiv10                               0x08008e15   Thumb Code   138  lludiv10.o(.text)
    __lib_sel_fp_printf                      0x08008e9f   Thumb Code     2  _printf_fp_dec.o(.text)
    _printf_fp_dec_real                      0x0800904d   Thumb Code   620  _printf_fp_dec.o(.text)
    _printf_lcs_common                       0x080092b9   Thumb Code    20  _printf_wchar.o(.text)
    _printf_wchar                            0x080092cd   Thumb Code    16  _printf_wchar.o(.text)
    _printf_wstring                          0x080092dd   Thumb Code     8  _printf_wchar.o(.text)
    ferror                                   0x080092e5   Thumb Code     8  ferror.o(.text)
    _wcrtomb                                 0x080092ed   Thumb Code    64  _wcrtomb.o(.text)
    __user_setup_stackheap                   0x0800932d   Thumb Code    74  sys_stackheap_outer.o(.text)
    __rt_ctype_table                         0x08009379   Thumb Code    16  rt_ctype_table.o(.text)
    __rt_locale                              0x08009389   Thumb Code     8  rt_locale_intlibspace.o(.text)
    _printf_fp_infnan                        0x08009391   Thumb Code   112  _printf_fp_infnan.o(.text)
    _btod_etento                             0x08009411   Thumb Code   216  bigflt0.o(.text)
    exit                                     0x080094ed   Thumb Code    12  exit.o(.text)
    __user_libspace                          0x080094f9   Thumb Code     8  libspace.o(.text)
    __user_perproc_libspace                  0x080094f9   Thumb Code     0  libspace.o(.text)
    __user_perthread_libspace                0x080094f9   Thumb Code     0  libspace.o(.text)
    strcmp                                   0x08009501   Thumb Code   128  strcmpv7m.o(.text)
    _btod_d2e                                0x08009581   Thumb Code    62  btod.o(CL$$btod_d2e)
    _d2e_denorm_low                          0x080095bf   Thumb Code    70  btod.o(CL$$btod_d2e_denorm_low)
    _d2e_norm_op1                            0x08009605   Thumb Code    96  btod.o(CL$$btod_d2e_norm_op1)
    __btod_div_common                        0x08009665   Thumb Code   696  btod.o(CL$$btod_div_common)
    _e2e                                     0x0800999d   Thumb Code   198  btod.o(CL$$btod_e2e)
    _btod_ediv                               0x08009a63   Thumb Code    40  btod.o(CL$$btod_ediv)
    _btod_emul                               0x08009a8b   Thumb Code    40  btod.o(CL$$btod_emul)
    __btod_mult_common                       0x08009ab3   Thumb Code   580  btod.o(CL$$btod_mult_common)
    __ARM_fpclassify                         0x08009cf7   Thumb Code    48  fpclassify.o(i.__ARM_fpclassify)
    _is_digit                                0x08009d27   Thumb Code    14  __printf_wp.o(i._is_digit)
    _get_lc_numeric                          0x08009d35   Thumb Code    44  lc_numeric_c.o(locale$$code)
    _get_lc_ctype                            0x08009d61   Thumb Code    44  lc_ctype_c.o(locale$$code)
    __aeabi_d2uiz                            0x08009d8d   Thumb Code     0  dfixu.o(x$fpl$dfixu)
    _dfixu                                   0x08009d8d   Thumb Code    90  dfixu.o(x$fpl$dfixu)
    __aeabi_ui2d                             0x08009de7   Thumb Code     0  dflt_clz.o(x$fpl$dfltu)
    _dfltu                                   0x08009de7   Thumb Code    38  dflt_clz.o(x$fpl$dfltu)
    __aeabi_dmul                             0x08009e0d   Thumb Code     0  dmul.o(x$fpl$dmul)
    _dmul                                    0x08009e0d   Thumb Code   332  dmul.o(x$fpl$dmul)
    __fpl_dnaninf                            0x08009f61   Thumb Code   156  dnaninf.o(x$fpl$dnaninf)
    __fpl_dretinf                            0x08009ffd   Thumb Code    12  dretinf.o(x$fpl$dretinf)
    _fp_init                                 0x0800a009   Thumb Code    10  fpinit.o(x$fpl$fpinit)
    __fplib_config_fpu_vfp                   0x0800a011   Thumb Code     0  fpinit.o(x$fpl$fpinit)
    __fplib_config_pureend_doubles           0x0800a011   Thumb Code     0  fpinit.o(x$fpl$fpinit)
    _printf_fp_dec                           0x0800a013   Thumb Code     4  printf1.o(x$fpl$printf1)
    __I$use$fp                               0x0800a016   Number         0  usenofp.o(x$fpl$usenofp)
    asc2_1206                                0x0800a016   Data        1140  lcd.o(.constdata)
    asc2_1608                                0x0800a48a   Data        1520  lcd.o(.constdata)
    asc2_2412                                0x0800aa7a   Data        3420  lcd.o(.constdata)
    FSMC_DefaultTimingStruct                 0x0800b7d8   Data          28  stm32f4xx_fsmc.o(.constdata)
    Region$$Table$$Base                      0x0800b96c   Number         0  anon$$obj.o(Region$$Table)
    Region$$Table$$Limit                     0x0800b98c   Number         0  anon$$obj.o(Region$$Table)
    __ctype                                  0x0800b9b5   Data           0  lc_ctype_c.o(locale$$data)
    SystemCoreClock                          0x20000000   Data           4  system_stm32f4xx.o(.data)
    AHBPrescTable                            0x20000004   Data          16  system_stm32f4xx.o(.data)
    POINT_COLOR                              0x20000014   Data           2  lcd.o(.data)
    BACK_COLOR                               0x20000016   Data           2  lcd.o(.data)
    USART3_RX_STA                            0x20000018   Data           2  usart3.o(.data)
    USART2_RX_STA                            0x2000001c   Data           2  usart2.o(.data)
    USART6_RX_STA                            0x2000001e   Data           2  usart6.o(.data)
    __stdout                                 0x20000024   Data           4  usart.o(.data)
    USART_RX_STA                             0x20000028   Data           2  usart.o(.data)
    portnum                                  0x2000003c   Data           4  common.o(.data)
    wifiap_ssid                              0x20000040   Data           4  common.o(.data)
    wifiap_encryption                        0x20000044   Data           4  common.o(.data)
    wifiap_password                          0x20000048   Data           4  common.o(.data)
    ATK_ESP8266_CWMODE_TBL                   0x2000004c   Data          12  common.o(.data)
    ATK_ESP8266_WORKMODE_TBL                 0x20000058   Data          12  common.o(.data)
    ATK_ESP8266_ECN_TBL                      0x20000064   Data          20  common.o(.data)
    lcddev                                   0x20000078   Data          14  lcd.o(.bss)
    USART3_TX_BUF                            0x20000088   Data         400  usart3.o(.bss)
    USART3_RX_BUF                            0x20000218   Data         400  usart3.o(.bss)
    USART2_TX_BUF                            0x200003a8   Data         400  usart2.o(.bss)
    USART2_RX_BUF                            0x20000538   Data         400  usart2.o(.bss)
    USART6_TX_BUF                            0x200006c8   Data         400  usart6.o(.bss)
    USART6_RX_BUF                            0x20000858   Data         400  usart6.o(.bss)
    USART_RX_BUF                             0x200009e8   Data         200  usart.o(.bss)
    __libspace_start                         0x20000ab0   Data          96  libspace.o(.bss)
    __temporary_stack_top$libspace           0x20000b10   Data           0  libspace.o(.bss)



==============================================================================

Memory Map of the image

  Image Entry point : 0x08000189

  Load Region LR_IROM1 (Base: 0x08000000, Size: 0x0000bb30, Max: 0x00100000, ABSOLUTE)

    Execution Region ER_IROM1 (Base: 0x08000000, Size: 0x0000bab8, Max: 0x00100000, ABSOLUTE)

    Base Addr    Size         Type   Attr      Idx    E Section Name        Object

    0x08000000   0x00000188   Data   RO          540    RESET               startup_stm32f40_41xxx.o
    0x08000188   0x00000008   Code   RO          815  * !!!main             c_w.l(__main.o)
    0x08000190   0x00000034   Code   RO         1093    !!!scatter          c_w.l(__scatter.o)
    0x080001c4   0x0000001a   Code   RO         1095    !!handler_copy      c_w.l(__scatter_copy.o)
    0x080001de   0x00000002   PAD
    0x080001e0   0x0000001c   Code   RO         1097    !!handler_zi        c_w.l(__scatter_zi.o)
    0x080001fc   0x00000000   Code   RO          806    .ARM.Collect$$_printf_percent$$00000000  c_w.l(_printf_percent.o)
    0x080001fc   0x00000006   Code   RO          858    .ARM.Collect$$_printf_percent$$00000001  c_w.l(_printf_n.o)
    0x08000202   0x00000006   Code   RO          859    .ARM.Collect$$_printf_percent$$00000002  c_w.l(_printf_p.o)
    0x08000208   0x00000006   Code   RO          863    .ARM.Collect$$_printf_percent$$00000003  c_w.l(_printf_f.o)
    0x0800020e   0x00000006   Code   RO          864    .ARM.Collect$$_printf_percent$$00000004  c_w.l(_printf_e.o)
    0x08000214   0x00000006   Code   RO          865    .ARM.Collect$$_printf_percent$$00000005  c_w.l(_printf_g.o)
    0x0800021a   0x00000006   Code   RO          866    .ARM.Collect$$_printf_percent$$00000006  c_w.l(_printf_a.o)
    0x08000220   0x0000000a   Code   RO          871    .ARM.Collect$$_printf_percent$$00000007  c_w.l(_printf_ll.o)
    0x0800022a   0x00000006   Code   RO          861    .ARM.Collect$$_printf_percent$$00000008  c_w.l(_printf_i.o)
    0x08000230   0x00000006   Code   RO          805    .ARM.Collect$$_printf_percent$$00000009  c_w.l(_printf_d.o)
    0x08000236   0x00000006   Code   RO          862    .ARM.Collect$$_printf_percent$$0000000A  c_w.l(_printf_u.o)
    0x0800023c   0x00000006   Code   RO          860    .ARM.Collect$$_printf_percent$$0000000B  c_w.l(_printf_o.o)
    0x08000242   0x00000006   Code   RO          804    .ARM.Collect$$_printf_percent$$0000000C  c_w.l(_printf_x.o)
    0x08000248   0x00000006   Code   RO          868    .ARM.Collect$$_printf_percent$$0000000D  c_w.l(_printf_lli.o)
    0x0800024e   0x00000006   Code   RO          869    .ARM.Collect$$_printf_percent$$0000000E  c_w.l(_printf_lld.o)
    0x08000254   0x00000006   Code   RO          870    .ARM.Collect$$_printf_percent$$0000000F  c_w.l(_printf_llu.o)
    0x0800025a   0x00000006   Code   RO          875    .ARM.Collect$$_printf_percent$$00000010  c_w.l(_printf_llo.o)
    0x08000260   0x00000006   Code   RO          876    .ARM.Collect$$_printf_percent$$00000011  c_w.l(_printf_llx.o)
    0x08000266   0x0000000a   Code   RO          872    .ARM.Collect$$_printf_percent$$00000012  c_w.l(_printf_l.o)
    0x08000270   0x00000006   Code   RO          857    .ARM.Collect$$_printf_percent$$00000013  c_w.l(_printf_c.o)
    0x08000276   0x00000006   Code   RO          803    .ARM.Collect$$_printf_percent$$00000014  c_w.l(_printf_s.o)
    0x0800027c   0x00000006   Code   RO          873    .ARM.Collect$$_printf_percent$$00000015  c_w.l(_printf_lc.o)
    0x08000282   0x00000006   Code   RO          874    .ARM.Collect$$_printf_percent$$00000016  c_w.l(_printf_ls.o)
    0x08000288   0x00000004   Code   RO          867    .ARM.Collect$$_printf_percent$$00000017  c_w.l(_printf_percent_end.o)
    0x0800028c   0x00000002   Code   RO          959    .ARM.Collect$$libinit$$00000000  c_w.l(libinit.o)
    0x0800028e   0x00000004   Code   RO          974    .ARM.Collect$$libinit$$00000001  c_w.l(libinit2.o)
    0x08000292   0x00000000   Code   RO          977    .ARM.Collect$$libinit$$00000004  c_w.l(libinit2.o)
    0x08000292   0x00000000   Code   RO          980    .ARM.Collect$$libinit$$0000000A  c_w.l(libinit2.o)
    0x08000292   0x00000000   Code   RO          982    .ARM.Collect$$libinit$$0000000C  c_w.l(libinit2.o)
    0x08000292   0x00000000   Code   RO          984    .ARM.Collect$$libinit$$0000000E  c_w.l(libinit2.o)
    0x08000292   0x00000006   Code   RO          985    .ARM.Collect$$libinit$$0000000F  c_w.l(libinit2.o)
    0x08000298   0x00000000   Code   RO          987    .ARM.Collect$$libinit$$00000011  c_w.l(libinit2.o)
    0x08000298   0x0000000c   Code   RO          988    .ARM.Collect$$libinit$$00000012  c_w.l(libinit2.o)
    0x080002a4   0x00000000   Code   RO          989    .ARM.Collect$$libinit$$00000013  c_w.l(libinit2.o)
    0x080002a4   0x00000000   Code   RO          991    .ARM.Collect$$libinit$$00000015  c_w.l(libinit2.o)
    0x080002a4   0x0000000a   Code   RO          992    .ARM.Collect$$libinit$$00000016  c_w.l(libinit2.o)
    0x080002ae   0x00000000   Code   RO          993    .ARM.Collect$$libinit$$00000017  c_w.l(libinit2.o)
    0x080002ae   0x00000000   Code   RO          995    .ARM.Collect$$libinit$$00000019  c_w.l(libinit2.o)
    0x080002ae   0x00000000   Code   RO          997    .ARM.Collect$$libinit$$0000001B  c_w.l(libinit2.o)
    0x080002ae   0x00000000   Code   RO          999    .ARM.Collect$$libinit$$0000001D  c_w.l(libinit2.o)
    0x080002ae   0x00000000   Code   RO         1001    .ARM.Collect$$libinit$$0000001F  c_w.l(libinit2.o)
    0x080002ae   0x00000000   Code   RO         1003    .ARM.Collect$$libinit$$00000021  c_w.l(libinit2.o)
    0x080002ae   0x00000000   Code   RO         1005    .ARM.Collect$$libinit$$00000023  c_w.l(libinit2.o)
    0x080002ae   0x00000000   Code   RO         1007    .ARM.Collect$$libinit$$00000025  c_w.l(libinit2.o)
    0x080002ae   0x00000000   Code   RO         1011    .ARM.Collect$$libinit$$0000002C  c_w.l(libinit2.o)
    0x080002ae   0x00000000   Code   RO         1013    .ARM.Collect$$libinit$$0000002E  c_w.l(libinit2.o)
    0x080002ae   0x00000000   Code   RO         1015    .ARM.Collect$$libinit$$00000030  c_w.l(libinit2.o)
    0x080002ae   0x00000000   Code   RO         1017    .ARM.Collect$$libinit$$00000032  c_w.l(libinit2.o)
    0x080002ae   0x00000002   Code   RO         1018    .ARM.Collect$$libinit$$00000033  c_w.l(libinit2.o)
    0x080002b0   0x00000002   Code   RO         1036    .ARM.Collect$$libshutdown$$00000000  c_w.l(libshutdown.o)
    0x080002b2   0x00000000   Code   RO         1047    .ARM.Collect$$libshutdown$$00000003  c_w.l(libshutdown2.o)
    0x080002b2   0x00000000   Code   RO         1050    .ARM.Collect$$libshutdown$$00000006  c_w.l(libshutdown2.o)
    0x080002b2   0x00000000   Code   RO         1053    .ARM.Collect$$libshutdown$$00000009  c_w.l(libshutdown2.o)
    0x080002b2   0x00000000   Code   RO         1055    .ARM.Collect$$libshutdown$$0000000B  c_w.l(libshutdown2.o)
    0x080002b2   0x00000000   Code   RO         1058    .ARM.Collect$$libshutdown$$0000000E  c_w.l(libshutdown2.o)
    0x080002b2   0x00000002   Code   RO         1059    .ARM.Collect$$libshutdown$$0000000F  c_w.l(libshutdown2.o)
    0x080002b4   0x00000000   Code   RO          831    .ARM.Collect$$rtentry$$00000000  c_w.l(__rtentry.o)
    0x080002b4   0x00000000   Code   RO          885    .ARM.Collect$$rtentry$$00000002  c_w.l(__rtentry2.o)
    0x080002b4   0x00000006   Code   RO          897    .ARM.Collect$$rtentry$$00000004  c_w.l(__rtentry4.o)
    0x080002ba   0x00000000   Code   RO          887    .ARM.Collect$$rtentry$$00000009  c_w.l(__rtentry2.o)
    0x080002ba   0x00000004   Code   RO          888    .ARM.Collect$$rtentry$$0000000A  c_w.l(__rtentry2.o)
    0x080002be   0x00000000   Code   RO          890    .ARM.Collect$$rtentry$$0000000C  c_w.l(__rtentry2.o)
    0x080002be   0x00000008   Code   RO          891    .ARM.Collect$$rtentry$$0000000D  c_w.l(__rtentry2.o)
    0x080002c6   0x00000002   Code   RO          967    .ARM.Collect$$rtexit$$00000000  c_w.l(rtexit.o)
    0x080002c8   0x00000000   Code   RO         1020    .ARM.Collect$$rtexit$$00000002  c_w.l(rtexit2.o)
    0x080002c8   0x00000004   Code   RO         1021    .ARM.Collect$$rtexit$$00000003  c_w.l(rtexit2.o)
    0x080002cc   0x00000006   Code   RO         1022    .ARM.Collect$$rtexit$$00000004  c_w.l(rtexit2.o)
    0x080002d2   0x00000002   PAD
    0x080002d4   0x00000440   Code   RO            3    .text               main.o
    0x08000714   0x0000001a   Code   RO          179    .text               stm32f4xx_it.o
    0x0800072e   0x00000002   PAD
    0x08000730   0x00000210   Code   RO          228    .text               system_stm32f4xx.o
    0x08000940   0x00000040   Code   RO          254    .text               led.o
    0x08000980   0x00004c80   Code   RO          274    .text               lcd.o
    0x08005600   0x00000184   Code   RO          312    .text               usart3.o
    0x08005784   0x00000198   Code   RO          349    .text               timer.o
    0x0800591c   0x00000104   Code   RO          370    .text               key.o
    0x08005a20   0x00000184   Code   RO          391    .text               usart2.o
    0x08005ba4   0x00000274   Code   RO          418    .text               hc05.o
    0x08005e18   0x00000184   Code   RO          442    .text               usart6.o
    0x08005f9c   0x00000104   Code   RO          469    .text               delay.o
    0x080060a0   0x0000014c   Code   RO          509    .text               usart.o
    0x080061ec   0x00000040   Code   RO          541    .text               startup_stm32f40_41xxx.o
    0x0800622c   0x000000e0   Code   RO          547    .text               misc.o
    0x0800630c   0x00000294   Code   RO          567    .text               stm32f4xx_gpio.o
    0x080065a0   0x000005c8   Code   RO          587    .text               stm32f4xx_fsmc.o
    0x08006b68   0x0000065c   Code   RO          610    .text               stm32f4xx_rcc.o
    0x080071c4   0x00000454   Code   RO          652    .text               stm32f4xx_usart.o
    0x08007618   0x00000ca2   Code   RO          672    .text               stm32f4xx_tim.o
    0x080082ba   0x00000002   PAD
    0x080082bc   0x000003a0   Code   RO          712    .text               common.o
    0x0800865c   0x00000002   Code   RO          740    .text               c_w.l(use_no_semi_2.o)
    0x0800865e   0x00000002   PAD
    0x08008660   0x0000002c   Code   RO          742    .text               c_w.l(c89sprintf.o)
    0x0800868c   0x00000024   Code   RO          744    .text               c_w.l(c89vsprintf.o)
    0x080086b0   0x00000018   Code   RO          746    .text               c_w.l(__2printf.o)
    0x080086c8   0x0000002c   Code   RO          748    .text               c_w.l(__2sprintf.o)
    0x080086f4   0x0000004e   Code   RO          756    .text               c_w.l(_printf_pad.o)
    0x08008742   0x00000052   Code   RO          758    .text               c_w.l(_printf_str.o)
    0x08008794   0x00000078   Code   RO          760    .text               c_w.l(_printf_dec.o)
    0x0800880c   0x00000094   Code   RO          780    .text               c_w.l(_printf_hex_int_ll_ptr.o)
    0x080088a0   0x00000188   Code   RO          800    .text               c_w.l(__printf_flags_ss_wp.o)
    0x08008a28   0x00000024   Code   RO          807    .text               c_w.l(strstr.o)
    0x08008a4c   0x0000003e   Code   RO          809    .text               c_w.l(strlen.o)
    0x08008a8a   0x0000004e   Code   RO          811    .text               c_w.l(rt_memclr_w.o)
    0x08008ad8   0x00000006   Code   RO          813    .text               c_w.l(heapauxi.o)
    0x08008ade   0x00000002   Code   RO          829    .text               c_w.l(use_no_semi.o)
    0x08008ae0   0x00000024   Code   RO          832    .text               c_w.l(_printf_truncate.o)
    0x08008b04   0x000000b2   Code   RO          834    .text               c_w.l(_printf_intcommon.o)
    0x08008bb6   0x00000028   Code   RO          836    .text               c_w.l(_printf_charcount.o)
    0x08008bde   0x00000002   PAD
    0x08008be0   0x00000030   Code   RO          838    .text               c_w.l(_printf_char_common.o)
    0x08008c10   0x0000000a   Code   RO          840    .text               c_w.l(_sputc.o)
    0x08008c1a   0x0000002c   Code   RO          842    .text               c_w.l(_printf_char.o)
    0x08008c46   0x00000002   PAD
    0x08008c48   0x00000024   Code   RO          844    .text               c_w.l(_printf_char_file.o)
    0x08008c6c   0x000000bc   Code   RO          846    .text               c_w.l(_printf_wctomb.o)
    0x08008d28   0x0000007c   Code   RO          849    .text               c_w.l(_printf_longlong_dec.o)
    0x08008da4   0x00000070   Code   RO          855    .text               c_w.l(_printf_oct_int_ll.o)
    0x08008e14   0x0000008a   Code   RO          899    .text               c_w.l(lludiv10.o)
    0x08008e9e   0x0000041a   Code   RO          901    .text               c_w.l(_printf_fp_dec.o)
    0x080092b8   0x0000002c   Code   RO          905    .text               c_w.l(_printf_wchar.o)
    0x080092e4   0x00000008   Code   RO          907    .text               c_w.l(ferror.o)
    0x080092ec   0x00000040   Code   RO          911    .text               c_w.l(_wcrtomb.o)
    0x0800932c   0x0000004a   Code   RO          913    .text               c_w.l(sys_stackheap_outer.o)
    0x08009376   0x00000002   PAD
    0x08009378   0x00000010   Code   RO          915    .text               c_w.l(rt_ctype_table.o)
    0x08009388   0x00000008   Code   RO          920    .text               c_w.l(rt_locale_intlibspace.o)
    0x08009390   0x00000080   Code   RO          922    .text               c_w.l(_printf_fp_infnan.o)
    0x08009410   0x000000dc   Code   RO          924    .text               c_w.l(bigflt0.o)
    0x080094ec   0x0000000c   Code   RO          952    .text               c_w.l(exit.o)
    0x080094f8   0x00000008   Code   RO          964    .text               c_w.l(libspace.o)
    0x08009500   0x00000080   Code   RO          972    .text               c_w.l(strcmpv7m.o)
    0x08009580   0x0000003e   Code   RO          927    CL$$btod_d2e        c_w.l(btod.o)
    0x080095be   0x00000046   Code   RO          929    CL$$btod_d2e_denorm_low  c_w.l(btod.o)
    0x08009604   0x00000060   Code   RO          928    CL$$btod_d2e_norm_op1  c_w.l(btod.o)
    0x08009664   0x00000338   Code   RO          937    CL$$btod_div_common  c_w.l(btod.o)
    0x0800999c   0x000000c6   Code   RO          934    CL$$btod_e2e        c_w.l(btod.o)
    0x08009a62   0x00000028   Code   RO          931    CL$$btod_ediv       c_w.l(btod.o)
    0x08009a8a   0x00000028   Code   RO          930    CL$$btod_emul       c_w.l(btod.o)
    0x08009ab2   0x00000244   Code   RO          936    CL$$btod_mult_common  c_w.l(btod.o)
    0x08009cf6   0x00000030   Code   RO          962    i.__ARM_fpclassify  m_wm.l(fpclassify.o)
    0x08009d26   0x0000000e   Code   RO          793    i._is_digit         c_w.l(__printf_wp.o)
    0x08009d34   0x0000002c   Code   RO          950    locale$$code        c_w.l(lc_numeric_c.o)
    0x08009d60   0x0000002c   Code   RO          970    locale$$code        c_w.l(lc_ctype_c.o)
    0x08009d8c   0x0000005a   Code   RO          817    x$fpl$dfixu         fz_wm.l(dfixu.o)
    0x08009de6   0x00000026   Code   RO          821    x$fpl$dfltu         fz_wm.l(dflt_clz.o)
    0x08009e0c   0x00000154   Code   RO          827    x$fpl$dmul          fz_wm.l(dmul.o)
    0x08009f60   0x0000009c   Code   RO          877    x$fpl$dnaninf       fz_wm.l(dnaninf.o)
    0x08009ffc   0x0000000c   Code   RO          879    x$fpl$dretinf       fz_wm.l(dretinf.o)
    0x0800a008   0x0000000a   Code   RO         1028    x$fpl$fpinit        fz_wm.l(fpinit.o)
    0x0800a012   0x00000004   Code   RO          881    x$fpl$printf1       fz_wm.l(printf1.o)
    0x0800a016   0x00000000   Code   RO          883    x$fpl$usenofp       fz_wm.l(usenofp.o)
    0x0800a016   0x000017c0   Data   RO          276    .constdata          lcd.o
    0x0800b7d6   0x00000002   PAD
    0x0800b7d8   0x0000001c   Data   RO          588    .constdata          stm32f4xx_fsmc.o
    0x0800b7f4   0x00000028   Data   RO          781    .constdata          c_w.l(_printf_hex_int_ll_ptr.o)
    0x0800b81c   0x00000011   Data   RO          801    .constdata          c_w.l(__printf_flags_ss_wp.o)
    0x0800b82d   0x00000003   PAD
    0x0800b830   0x00000008   Data   RO          847    .constdata          c_w.l(_printf_wctomb.o)
    0x0800b838   0x00000094   Data   RO          925    .constdata          c_w.l(bigflt0.o)
    0x0800b8cc   0x0000009e   Data   RO          713    .conststring        common.o
    0x0800b96a   0x00000002   PAD
    0x0800b96c   0x00000020   Data   RO         1091    Region$$Table       anon$$obj.o
    0x0800b98c   0x0000001c   Data   RO          949    locale$$data        c_w.l(lc_numeric_c.o)
    0x0800b9a8   0x00000110   Data   RO          969    locale$$data        c_w.l(lc_ctype_c.o)


    Execution Region RW_IRAM1 (Base: 0x20000000, Size: 0x00001110, Max: 0x00020000, ABSOLUTE)

    Base Addr    Size         Type   Attr      Idx    E Section Name        Object

    0x20000000   0x00000014   Data   RW          229    .data               system_stm32f4xx.o
    0x20000014   0x00000004   Data   RW          277    .data               lcd.o
    0x20000018   0x00000002   Data   RW          314    .data               usart3.o
    0x2000001a   0x00000001   Data   RW          371    .data               key.o
    0x2000001b   0x00000001   PAD
    0x2000001c   0x00000002   Data   RW          393    .data               usart2.o
    0x2000001e   0x00000002   Data   RW          444    .data               usart6.o
    0x20000020   0x00000004   Data   RW          470    .data               delay.o
    0x20000024   0x00000006   Data   RW          511    .data               usart.o
    0x2000002a   0x00000010   Data   RW          611    .data               stm32f4xx_rcc.o
    0x2000003a   0x00000002   PAD
    0x2000003c   0x0000003c   Data   RW          714    .data               common.o
    0x20000078   0x0000000e   Zero   RW          275    .bss                lcd.o
    0x20000086   0x00000002   PAD
    0x20000088   0x00000320   Zero   RW          313    .bss                usart3.o
    0x200003a8   0x00000320   Zero   RW          392    .bss                usart2.o
    0x200006c8   0x00000320   Zero   RW          443    .bss                usart6.o
    0x200009e8   0x000000c8   Zero   RW          510    .bss                usart.o
    0x20000ab0   0x00000060   Zero   RW          965    .bss                c_w.l(libspace.o)
    0x20000b10   0x00000200   Zero   RW          539    HEAP                startup_stm32f40_41xxx.o
    0x20000d10   0x00000400   Zero   RW          538    STACK               startup_stm32f40_41xxx.o


==============================================================================

Image component sizes


      Code (inc. data)   RO Data    RW Data    ZI Data      Debug   Object Name

       928        274        158         60          0       3847   common.o
       260          8          0          4          0       1561   delay.o
       628         62          0          0          0       2280   hc05.o
       260         12          0          1          0        928   key.o
     19584        174       6080          4         14      22606   lcd.o
        64          4          0          0          0        587   led.o
      1088        450          0          0          0     291896   main.o
       224         20          0          0          0       1941   misc.o
        64         26        392          0       1536        868   startup_stm32f40_41xxx.o
      1480         18         28          0          0       5802   stm32f4xx_fsmc.o
       660         44          0          0          0       4217   stm32f4xx_gpio.o
        26          0          0          0          0       1286   stm32f4xx_it.o
      1628         52          0         16          0      13068   stm32f4xx_rcc.o
      3234         60          0          0          0      22424   stm32f4xx_tim.o
      1108         34          0          0          0       7920   stm32f4xx_usart.o
       528         46          0         20          0       1963   system_stm32f4xx.o
       408         20          0          0          0       1728   timer.o
       332         18          0          6        200       3526   usart.o
       388         26          0          2        800       2190   usart2.o
       388         24          0          2        800       2782   usart3.o
       388         22          0          2        800       2194   usart6.o

    ----------------------------------------------------------------------
     33672       1394       6694        120       4152     395614   Object Totals
         0          0         32          0          0          0   (incl. Generated)
         4          0          4          3          2          0   (incl. Padding)

    ----------------------------------------------------------------------

      Code (inc. data)   RO Data    RW Data    ZI Data      Debug   Library Member Name

        24          4          0          0          0         84   __2printf.o
        44          6          0          0          0         84   __2sprintf.o
         8          0          0          0          0         68   __main.o
       392          4         17          0          0         92   __printf_flags_ss_wp.o
        14          0          0          0          0         68   __printf_wp.o
         0          0          0          0          0          0   __rtentry.o
        12          0          0          0          0          0   __rtentry2.o
         6          0          0          0          0          0   __rtentry4.o
        52          8          0          0          0          0   __scatter.o
        26          0          0          0          0          0   __scatter_copy.o
        28          0          0          0          0          0   __scatter_zi.o
         6          0          0          0          0          0   _printf_a.o
         6          0          0          0          0          0   _printf_c.o
        44          0          0          0          0        108   _printf_char.o
        48          6          0          0          0         96   _printf_char_common.o
        36          4          0          0          0         80   _printf_char_file.o
        40          0          0          0          0         68   _printf_charcount.o
         6          0          0          0          0          0   _printf_d.o
       120         16          0          0          0         92   _printf_dec.o
         6          0          0          0          0          0   _printf_e.o
         6          0          0          0          0          0   _printf_f.o
      1050          0          0          0          0        216   _printf_fp_dec.o
       128         16          0          0          0         84   _printf_fp_infnan.o
         6          0          0          0          0          0   _printf_g.o
       148          4         40          0          0        160   _printf_hex_int_ll_ptr.o
         6          0          0          0          0          0   _printf_i.o
       178          0          0          0          0         88   _printf_intcommon.o
        10          0          0          0          0          0   _printf_l.o
         6          0          0          0          0          0   _printf_lc.o
        10          0          0          0          0          0   _printf_ll.o
         6          0          0          0          0          0   _printf_lld.o
         6          0          0          0          0          0   _printf_lli.o
         6          0          0          0          0          0   _printf_llo.o
         6          0          0          0          0          0   _printf_llu.o
         6          0          0          0          0          0   _printf_llx.o
       124         16          0          0          0         92   _printf_longlong_dec.o
         6          0          0          0          0          0   _printf_ls.o
         6          0          0          0          0          0   _printf_n.o
         6          0          0          0          0          0   _printf_o.o
       112          8          0          0          0        124   _printf_oct_int_ll.o
         6          0          0          0          0          0   _printf_p.o
        78          0          0          0          0        108   _printf_pad.o
         0          0          0          0          0          0   _printf_percent.o
         4          0          0          0          0          0   _printf_percent_end.o
         6          0          0          0          0          0   _printf_s.o
        82          0          0          0          0         80   _printf_str.o
        36          0          0          0          0         84   _printf_truncate.o
         6          0          0          0          0          0   _printf_u.o
        44          0          0          0          0        108   _printf_wchar.o
       188          6          8          0          0         92   _printf_wctomb.o
         6          0          0          0          0          0   _printf_x.o
        10          0          0          0          0         68   _sputc.o
        64          0          0          0          0         92   _wcrtomb.o
       220          4        148          0          0         96   bigflt0.o
      1910        128          0          0          0        672   btod.o
        44          6          0          0          0         84   c89sprintf.o
        36          4          0          0          0         76   c89vsprintf.o
        12          0          0          0          0         72   exit.o
         8          0          0          0          0         68   ferror.o
         6          0          0          0          0        152   heapauxi.o
        44         10        272          0          0         76   lc_ctype_c.o
        44         10         28          0          0         76   lc_numeric_c.o
         2          0          0          0          0          0   libinit.o
        34          0          0          0          0          0   libinit2.o
         2          0          0          0          0          0   libshutdown.o
         2          0          0          0          0          0   libshutdown2.o
         8          4          0          0         96         68   libspace.o
       138          0          0          0          0         80   lludiv10.o
        16          4          0          0          0         76   rt_ctype_table.o
         8          4          0          0          0         68   rt_locale_intlibspace.o
        78          0          0          0          0         80   rt_memclr_w.o
         2          0          0          0          0          0   rtexit.o
        10          0          0          0          0          0   rtexit2.o
       128          0          0          0          0         68   strcmpv7m.o
        62          0          0          0          0         76   strlen.o
        36          0          0          0          0         80   strstr.o
        74          0          0          0          0         80   sys_stackheap_outer.o
         2          0          0          0          0         68   use_no_semi.o
         2          0          0          0          0         68   use_no_semi_2.o
        90          4          0          0          0        140   dfixu.o
        38          0          0          0          0        116   dflt_clz.o
       340         12          0          0          0        152   dmul.o
       156          4          0          0          0        140   dnaninf.o
        12          0          0          0          0        116   dretinf.o
        10          0          0          0          0        116   fpinit.o
         4          0          0          0          0        116   printf1.o
         0          0          0          0          0          0   usenofp.o
        48          0          0          0          0        124   fpclassify.o

    ----------------------------------------------------------------------
      6918        292        516          0         96       5440   Library Totals
        12          0          3          0          0          0   (incl. Padding)

    ----------------------------------------------------------------------

      Code (inc. data)   RO Data    RW Data    ZI Data      Debug   Library Name

      6208        272        513          0         96       4420   c_w.l
       650         20          0          0          0        896   fz_wm.l
        48          0          0          0          0        124   m_wm.l

    ----------------------------------------------------------------------
      6918        292        516          0         96       5440   Library Totals

    ----------------------------------------------------------------------

==============================================================================


      Code (inc. data)   RO Data    RW Data    ZI Data      Debug   

     40590       1686       7210        120       4248     394210   Grand Totals
     40590       1686       7210        120       4248     394210   ELF Image Totals
     40590       1686       7210        120          0          0   ROM Totals

==============================================================================

    Total RO  Size (Code + RO Data)                47800 (  46.68kB)
    Total RW  Size (RW Data + ZI Data)              4368 (   4.27kB)
    Total ROM Size (Code + RO Data + RW Data)      47920 (  46.80kB)

==============================================================================

